Microchip Technology Inc, v2.10 (B)

Tool Name:
  c:\program files\microchip\xc16\v2.10\bin\bin\..\bin/elf-ld.exe

Command:
  -TC:\\Users\\i14746\\AppData\\Local\\Temp\\tmp00002b14.00 \
  -TC:\\Users\\i14746\\AppData\\Local\\Temp\\tmp00002b14.01 \
  -TC:\\Users\\i14746\\AppData\\Local\\Temp\\tmp00002b14.02 \
  -TC:\\Users\\i14746\\AppData\\Local\\Temp\\tmp00002b14.03 \
  -TC:\\Users\\i14746\\AppData\\Local\\Temp\\tmp00002b14.04 \
  -TC:\\Users\\i14746\\AppData\\Local\\Temp\\tmp00002b14.05 \
  -TC:\\Users\\i14746\\AppData\\Local\\Temp\\tmp00002b14.06 \
  -p24FJ256GB210 \
  --mdfp=C:/Program Files/Microchip/MPLABX/v6.10/packs/Microchip/PIC24F-DA-GB_DFP/1.3.63/xc16 \
  -o \
  dist/default/debug/RESET_UNIT_FW.X.debug.elf \
  -Lc:/program files/microchip/xc16/v2.10/bin/bin/.. \
  -LC:/Program Files/Microchip/MPLABX/v6.10/packs/Microchip/PIC24F-DA-GB_DFP/1.3.63/xc16/bin/../support/PIC24F/gld \
  -Lc:/program files/microchip/xc16/v2.10/bin/bin/../../lib \
  -Lc:/program files/microchip/xc16/v2.10/bin/bin/../../support/PIC24E/gld \
  -Lc:/program files/microchip/xc16/v2.10/bin/bin/../../support/PIC24F/gld \
  -Lc:/program files/microchip/xc16/v2.10/bin/bin/../../support/PIC24H/gld \
  -Lc:/program files/microchip/xc16/v2.10/bin/bin/../../support/dsPIC30F/gld \
  -Lc:/program files/microchip/xc16/v2.10/bin/bin/../../support/dsPIC33C/gld \
  -Lc:/program files/microchip/xc16/v2.10/bin/bin/../../support/dsPIC33E/gld \
  -Lc:/program files/microchip/xc16/v2.10/bin/bin/../../support/dsPIC33F/gld \
  build/default/debug/_ext/1669077864/usb_descriptors.o \
  build/default/debug/_ext/1669077864/usb_device.o \
  build/default/debug/_ext/1669077864/USB_DRV.o \
  build/default/debug/_ext/1669077864/usb_function_cdc.o \
  build/default/debug/_ext/1669077864/usb_hal_pic24.o \
  build/default/debug/_ext/1728301206/COMM_SMC.o \
  build/default/debug/_ext/1728301206/CPU_SM_MAIN.o \
  build/default/debug/_ext/1728301206/CRC16.o \
  build/default/debug/_ext/1728301206/CRC32.o \
  build/default/debug/_ext/1728301206/DRV_A2D.o \
  build/default/debug/_ext/1728301206/DRV_I2C.o \
  build/default/debug/_ext/1728301206/DRV_MEM.o \
  build/default/debug/_ext/1728301206/DRV_RTC.o \
  build/default/debug/_ext/1728301206/EEPROM.o \
  build/default/debug/_ext/1728301206/EVENTS.o \
  build/default/debug/_ext/1728301206/comm_host.o \
  build/default/debug/_ext/1728301206/command_proc.o \
  build/default/debug/_ext/1728301206/DRV_CNT.o \
  build/default/debug/_ext/1728301206/DRV_DI.o \
  build/default/debug/_ext/1728301206/DRV_LED.o \
  build/default/debug/_ext/1728301206/PRINT.o \
  build/default/debug/_ext/1728301206/DRV_GLCD_SPI.o \
  build/default/debug/_ext/1728301206/AUTO_DRV_CNT.o \
  build/default/debug/_ext/1728301206/COMM_GSM.o \
  --fill=0xFFDEAD \
  --local-stack \
  --defsym=__MPLAB_BUILD=1 \
  --defsym=__MPLAB_DEBUG=1 \
  --defsym=__DEBUG=1 \
  -Tlinker_script.gld.07 \
  --stack=16 \
  --check-sections \
  --data-init \
  --pack-data \
  --no-handles \
  --no-isr \
  --no-gc-sections \
  --fill-upper=0 \
  --stackguard=16 \
  --no-force-link \
  --smart-io \
  -Map=dist/default/debug/RESET_UNIT_FW.X.debug.map \
  --report-mem \
  --cref \
  --memorysummary \
  dist/default/debug/memoryfile.xml \
  --no-ivt \
  -start-group \
  --library=c99-pic30-elf \
  --library=m-elf \
  --library=c99-elf \
  -end-group \


Optional library libpPIC24Fxxx.a not found
Archive member included because of file (symbol)

c:/program files/microchip/xc16/v2.10/bin/bin/../../lib\libc99-pic30-elf.a(crt0_extended24.o)
                              (__resetPRI)
c:/program files/microchip/xc16/v2.10/bin/bin/../../lib\libc99-pic30-elf.a(data_init_24.o)
                              c:/program files/microchip/xc16/v2.10/bin/bin/../../lib\libc99-pic30-elf.a(crt0_extended24.o) (__data_init_da)
c:/program files/microchip/xc16/v2.10/bin/bin/../../lib\libc99-pic30-elf.a(crt_start_mode_normalda.Meo)
                              (__crt_start_mode_normal)
c:/program files/microchip/xc16/v2.10/bin/bin/../../lib\libc99-pic30-elf.a(memcpy_helperda.Meo)
                              build/default/debug/_ext/1728301206/CPU_SM_MAIN.o (__memcpy_helper)
c:/program files/microchip/xc16/v2.10/bin/bin/../../lib\libc99-pic30-elf.a(udivsi3.DA_o)
                              build/default/debug/_ext/1728301206/DRV_A2D.o (___udivsi3)
c:/program files/microchip/xc16/v2.10/bin/bin/../../lib\libc99-elf.a(__sio_sprintf_dosux.DA_o)
                              build/default/debug/_ext/1728301206/COMM_GSM.o (__sprintf_cdnopsuxX)
c:/program files/microchip/xc16/v2.10/bin/bin/../../lib\libc99-elf.a(memcpy.DA_o)
                              build/default/debug/_ext/1728301206/COMM_GSM.o (_memcpy)
c:/program files/microchip/xc16/v2.10/bin/bin/../../lib\libc99-elf.a(memset.DA_o)
                              build/default/debug/_ext/1669077864/usb_device.o (_memset)
c:/program files/microchip/xc16/v2.10/bin/bin/../../lib\libc99-elf.a(mktime.DA_o)
[...]
Memory Configuration

Name             Origin             Length             Attributes
data             0x000800           0x018000           a !xr
reset            0x000000           0x000004  
ivt              0x000004           0x0000fc  
_reserved        0x000100           0x000004  
aivt             0x000104           0x0000fc  
program          0x000200           0x02a9f8           xr
CONFIG4          0x02abf8           0x000002  
CONFIG3          0x02abfa           0x000002  
CONFIG2          0x02abfc           0x000002  
CONFIG1          0x02abfe           0x000002  
reserved         0x000000           0xffffffff  
*default*        0x000000           0xffffffff  

Linker script and memory map


reserve_data_0x800
                    0x0800         0x1c
                    0x081c                  . = 0x1c
 *fill*             0x0800         0x1c00

reserve_data_0x81c
                    0x081c          0x2
                    0x081e                  . = 0x2
 *fill*             0x081c          0x200

reserve_data_0x81e
                    0x081e          0x2
                    0x0820                  . = 0x2
 *fill*             0x081e          0x200

reserve_data_0x820
                    0x0820          0x2
                    0x0822                  . = 0x2
 *fill*             0x0820          0x200

reserve_data_0x822
                    0x0822          0x2
                    0x0824                  . = 0x2
 *fill*             0x0822          0x200

reserve_data_0x824
                    0x0824          0x4
                    0x0828                  . = 0x4
 *fill*             0x0824          0x400

reserve_data_0x82a
                    0x082a         0x26
                    0x0850                  . = 0x26
 *fill*             0x082a         0x2600
LOAD build/default/debug/_ext/1669077864/usb_descriptors.o
LOAD build/default/debug/_ext/1669077864/usb_device.o
LOAD build/default/debug/_ext/1669077864/USB_DRV.o
LOAD build/default/debug/_ext/1669077864/usb_function_cdc.o
LOAD build/default/debug/_ext/1669077864/usb_hal_pic24.o
LOAD build/default/debug/_ext/1728301206/COMM_SMC.o
LOAD build/default/debug/_ext/1728301206/CPU_SM_MAIN.o
LOAD build/default/debug/_ext/1728301206/CRC16.o
LOAD build/default/debug/_ext/1728301206/CRC32.o
LOAD build/default/debug/_ext/1728301206/DRV_A2D.o
LOAD build/default/debug/_ext/1728301206/DRV_I2C.o
LOAD build/default/debug/_ext/1728301206/DRV_MEM.o
LOAD build/default/debug/_ext/1728301206/DRV_RTC.o
LOAD build/default/debug/_ext/1728301206/EEPROM.o
LOAD build/default/debug/_ext/1728301206/EVENTS.o
LOAD build/default/debug/_ext/1728301206/comm_host.o
LOAD build/default/debug/_ext/1728301206/command_proc.o
LOAD build/default/debug/_ext/1728301206/DRV_CNT.o
LOAD build/default/debug/_ext/1728301206/DRV_DI.o
LOAD build/default/debug/_ext/1728301206/DRV_LED.o
LOAD build/default/debug/_ext/1728301206/PRINT.o
LOAD build/default/debug/_ext/1728301206/DRV_GLCD_SPI.o
LOAD build/default/debug/_ext/1728301206/AUTO_DRV_CNT.o
LOAD build/default/debug/_ext/1728301206/COMM_GSM.o
                    0x0001                  __MPLAB_BUILD = 0x1
                    0x0001                  __MPLAB_DEBUG = 0x1
                    0x0001                  __DEBUG = 0x1
LOAD pPIC24Fxxx
LOAD c:/program files/microchip/xc16/v2.10/bin/bin/../../lib\libfx-elf.a
                    0x2abf8                  __CONFIG4 = 0x2abf8
                    0x2abfa                  __CONFIG3 = 0x2abfa
                    0x2abfc                  __CONFIG2 = 0x2abfc
                    0x2abfe                  __CONFIG1 = 0x2abfe
                    0x0200                  __CODE_BASE = 0x200
                    0x2a9f8                  __CODE_LENGTH = 0x2a9f8
                    0x0004                  __IVT_BASE = 0x4
                    0x0104                  __AIVT_BASE = 0x104
                    0x0800                  __DATA_BASE = 0x800
                    0x18000                  __DATA_LENGTH = 0x18000

.reset            0x000000          0x4
                  0x000000          0x2 SHORT 0x200 ABSOLUTE (__reset)
                  0x000001          0x2 SHORT 0x4
                  0x000002          0x2 SHORT 0x0 ((ABSOLUTE (__reset) >> 0x10) & 0x7f)
                  0x000003          0x2 SHORT 0x0

.resv             0x000100          0x4
                  0x000100          0x2 SHORT 0xffff
                  0x000101          0x1 BYTE 0xff
                  0x000102          0x2 SHORT 0xffff
                  0x000103          0x1 BYTE 0xff

.text             0x000200       0x14f8
 *(.init)
 .init            0x000200         0x4c c:/program files/microchip/xc16/v2.10/bin/bin/../../lib\libc99-pic30-elf.a(crt0_extended24.o)
                  0x000200                  __resetPRI
                  0x000200                  __reset
                  0x00023c                  __psv_init
 .init            0x00024c         0xb8 c:/program files/microchip/xc16/v2.10/bin/bin/../../lib\libc99-pic30-elf.a(data_init_24.o)
                  0x000252                  __data_init
                  0x000252                  __data_init_da
 *(.user_init)
 *(.handle)
 *(.isr*)
 *(.libc)
 *(.libm)
 *(.libdsp)
 *(.lib*)
 .libpic30_crt_start_mode
                  0x000304          0x2 c:/program files/microchip/xc16/v2.10/bin/bin/../../lib\libc99-pic30-elf.a(crt_start_mode_normalda.Meo)
                  0x000304                  __crt_start_mode
                  0x000304                  __crt_start_mode_normal
 .libc.memcpy_helper
                  0x000306         0x36 c:/program files/microchip/xc16/v2.10/bin/bin/../../lib\libc99-pic30-elf.a(memcpy_helperda.Meo)
                  0x000306                  __memcpy_helper
 .libm.udivsi3    0x00033c         0x20 c:/program files/microchip/xc16/v2.10/bin/bin/../../lib\libc99-pic30-elf.a(udivsi3.DA_o)
                  0x00033c                  ___udivsi3
 .libc.__wrap_sprintf
                  0x00035c          0xc c:/program files/microchip/xc16/v2.10/bin/bin/../../lib\libc99-elf.a(__sio_sprintf_dosux.DA_o)
                  0x00035c                  __dsprintf_cdnopsuxX
                  0x00035c                  __sprintf_cdnopsuxX
 .libc.__sio_sprintf_dosux
                  0x000368          0xe c:/program files/microchip/xc16/v2.10/bin/bin/../../lib\libc99-elf.a(__sio_sprintf_dosux.DA_o)
                  0x000368                  ___sio_sprintf_dosux
 .libc.memcpy     0x000376          0xe c:/program files/microchip/xc16/v2.10/bin/bin/../../lib\libc99-elf.a(memcpy.DA_o)
                  0x000376                  _memcpy
 .libc.memset     0x000384         0xc8 c:/program files/microchip/xc16/v2.10/bin/bin/../../lib\libc99-elf.a(memset.DA_o)
                  0x000384                  _memset
 .libc.mktime     0x00044c         0x50 c:/program files/microchip/xc16/v2.10/bin/bin/../../lib\libc99-elf.a(mktime.DA_o)
                  0x00044c                  _mktime
 .libc.strcmp     0x00049c         0x16 c:/program files/microchip/xc16/v2.10/bin/bin/../../lib\libc99-elf.a(strcmp.DA_o)
                  0x00049c                  _strcmp
 .libc.strlen     0x0004b2         0x30 c:/program files/microchip/xc16/v2.10/bin/bin/../../lib\libc99-elf.a(strlen.DA_o)
                  0x0004b2                  _strlen
 .libc.__fmt_d    0x0004e2         0xb2 c:/program files/microchip/xc16/v2.10/bin/bin/../../lib\libc99-elf.a(__fmt_d.DA_o)
                  0x0004e2                  ___fmt_d
                  0x0004e2                  ___fmt_d_needed
 .libc.__fmt_o    0x000594         0x6a c:/program files/microchip/xc16/v2.10/bin/bin/../../lib\libc99-elf.a(__fmt_o.DA_o)
                  0x000594                  ___fmt_o
                  0x000594                  ___fmt_o_needed
 .libc.__fmt_s    0x0005fe         0x54 c:/program files/microchip/xc16/v2.10/bin/bin/../../lib\libc99-elf.a(__fmt_s.DA_o)
                  0x0005fe                  ___fmt_0_needed
                  0x0005fe                  ___fmt_s_needed
                  0x0005fe                  ___fmt_s
 .libc.__cvt_u    0x000652         0xa6 c:/program files/microchip/xc16/v2.10/bin/bin/../../lib\libc99-elf.a(__fmt_u.DA_o)
                  0x000652                  ___cvt_u
 .libc.__fmt_u    0x0006f8         0x52 c:/program files/microchip/xc16/v2.10/bin/bin/../../lib\libc99-elf.a(__fmt_u.DA_o)
                  0x0006f8                  ___fmt_u
                  0x0006f8                  ___fmt_u_needed
 .libc.__fmt_x    0x00074a        0x14a c:/program files/microchip/xc16/v2.10/bin/bin/../../lib\libc99-elf.a(__fmt_x.DA_o)
                  0x00074a                  ___fmt_x_needed
                  0x00074a                  ___fmt_x
 .libc.__vsprintf
                  0x000894          0x8 c:/program files/microchip/xc16/v2.10/bin/bin/../../lib\libc99-elf.a(__int_vsprintf.DA_o)
                  0x000894                  ___vsprintf
 .libc.__pop_int
                  0x00089c         0xa8 c:/program files/microchip/xc16/v2.10/bin/bin/../../lib\libc99-elf.a(__pop_int.DA_o)
                  0x00089c                  ___pop_int
                  0x00089c                  ___pop_int_needed
 .libc.__pop_ptr
                  0x000944         0x70 c:/program files/microchip/xc16/v2.10/bin/bin/../../lib\libc99-elf.a(__pop_ptr.DA_o)
                  0x000944                  ___pop_ptr_needed
                  0x000944                  ___pop_ptr
 .libc.__string_out
                  0x0009b4         0x26 c:/program files/microchip/xc16/v2.10/bin/bin/../../lib\libc99-elf.a(__printf_core.DA_o)
                  0x0009b4                  ___out
 .libc.__pad      0x0009da         0x74 c:/program files/microchip/xc16/v2.10/bin/bin/../../lib\libc99-elf.a(__printf_core.DA_o)
                  0x0009da                  ___pad
 .libc.__dummy_fmt3
                  0x000a4e          0x2 c:/program files/microchip/xc16/v2.10/bin/bin/../../lib\libc99-elf.a(__printf_core.DA_o)
 .libc.__dummy_fmt4
                  0x000a50          0x2 c:/program files/microchip/xc16/v2.10/bin/bin/../../lib\libc99-elf.a(__printf_core.DA_o)
                  0x000a50                  ___fmt_fp
                  0x000a50                  ___fmt_a
 .libc.__dummy_fmts
                  0x000a52          0x2 c:/program files/microchip/xc16/v2.10/bin/bin/../../lib\libc99-elf.a(__printf_core.DA_o)
 .libc.__fmt_state
                  0x000a54         0x2c c:/program files/microchip/xc16/v2.10/bin/bin/../../lib\libc99-elf.a(__printf_core.DA_o)
                  0x000a54                  ___fmt_state
 .libc.vfpfcnvrt.clone.0
                  0x000a80        0x2d8 c:/program files/microchip/xc16/v2.10/bin/bin/../../lib\libc99-elf.a(__printf_core.DA_o)
 .libc.__printf_core
                  0x000d58         0x40 c:/program files/microchip/xc16/v2.10/bin/bin/../../lib\libc99-elf.a(__printf_core.DA_o)
                  0x000d58                  ___printf_core
 .libc.__secs_to_tm
                  0x000d98        0x2ba c:/program files/microchip/xc16/v2.10/bin/bin/../../lib\libc99-elf.a(__secs_to_tm.DA_o)
                  0x000d98                  ___secs_to_tm
 .libc.__tm_to_secs
                  0x001052        0x108 c:/program files/microchip/xc16/v2.10/bin/bin/../../lib\libc99-elf.a(__tm_to_secs.DA_o)
                  0x001052                  ___tm_to_secs
 .libc.__year_to_secs
                  0x00115a        0x112 c:/program files/microchip/xc16/v2.10/bin/bin/../../lib\libc99-elf.a(__year_to_secs.DA_o)
                  0x00115a                  ___year_to_secs
 .libc.__isspace
                  0x00126c         0x14 c:/program files/microchip/xc16/v2.10/bin/bin/../../lib\libc99-elf.a(atoi.DA_o)
 .libc.atoi       0x001280         0x4c c:/program files/microchip/xc16/v2.10/bin/bin/../../lib\libc99-elf.a(atoi.DA_o)
                  0x001280                  _atoi
 .libc.tolower    0x0012cc          0xc c:/program files/microchip/xc16/v2.10/bin/bin/../../lib\libc99-elf.a(tolower.DA_o)
                  0x0012cc                  _tolower
 .libc.__tolower_l
                  0x0012d8          0x2 c:/program files/microchip/xc16/v2.10/bin/bin/../../lib\libc99-elf.a(tolower.DA_o)
                  0x0012d8                  ___tolower_l
                  0x0012d8                  _tolower_l
 .libc.toupper    0x0012da          0xc c:/program files/microchip/xc16/v2.10/bin/bin/../../lib\libc99-elf.a(toupper.DA_o)
                  0x0012da                  _toupper
 .libc.__toupper_l
                  0x0012e6          0x2 c:/program files/microchip/xc16/v2.10/bin/bin/../../lib\libc99-elf.a(toupper.DA_o)
                  0x0012e6                  ___toupper_l
                  0x0012e6                  _toupper_l
 .libc.__vsnprintf
                  0x0012e8         0x4a c:/program files/microchip/xc16/v2.10/bin/bin/../../lib\libc99-elf.a(__int_vsnprintf.DA_o)
                  0x0012e8                  ___vsnprintf
 .libc.__month_to_secs
                  0x001332         0x1c c:/program files/microchip/xc16/v2.10/bin/bin/../../lib\libc99-elf.a(__month_to_secs.DA_o)
                  0x001332                  ___month_to_secs
 .libc.__pop_float
                  0x00134e         0x3e c:/program files/microchip/xc16/v2.10/bin/bin/../../lib\libc99-elf.a(__pop_float.DA_o)
                  0x00134e                  ___pop_float
                  0x00134e                  ___pop_float_needed
 .libc.__vfprintf
                  0x00138c         0x1c c:/program files/microchip/xc16/v2.10/bin/bin/../../lib\libc99-elf.a(__int_vfprintf.DA_o)
                  0x00138c                  ___vfprintf
 .libm.divsi3     0x0013a8         0x1e c:/program files/microchip/xc16/v2.10/bin/bin/../../lib\libc99-pic30-elf.a(divsi3.DA_o)
                  0x0013a8                  ___divsi3
 .libm.extendsfdf2
                  0x0013c6         0x3e c:/program files/microchip/xc16/v2.10/bin/bin/../../lib\libc99-pic30-elf.a(extendsfdf.DA_o)
                  0x0013c6                  ___extendsfdf2
 .libm.funpack    0x001404         0x2a c:/program files/microchip/xc16/v2.10/bin/bin/../../lib\libc99-pic30-elf.a(funpack.DA_o)
                  0x001404                  __funpack
 .libm.modsi3     0x00142e         0x1e c:/program files/microchip/xc16/v2.10/bin/bin/../../lib\libc99-pic30-elf.a(modsi3.DA_o)
                  0x00142e                  ___modsi3
 .libm.umodsi3    0x00144c          0x6 c:/program files/microchip/xc16/v2.10/bin/bin/../../lib\libc99-pic30-elf.a(umodsi3.DA_o)
                  0x00144c                  ___umodsi3
 .libm.mulsi3     0x001452          0xc c:/program files/microchip/xc16/v2.10/bin/bin/../../lib\libc99-pic30-elf.a(mulsi3.DA_o)
                  0x001452                  ___mulp32peds3
                  0x001452                  ___mulsi3
                  0x001452                  ___mulp32eds3
 .libm.__PplusBdi
                  0x00145e         0x26 c:/program files/microchip/xc16/v2.10/bin/bin/../../lib\libc99-pic30-elf.a(divmoddi3.DA_o)
 .libm.__PminusBdi
                  0x001484         0x26 c:/program files/microchip/xc16/v2.10/bin/bin/../../lib\libc99-pic30-elf.a(divmoddi3.DA_o)
 .libm.__udivmoddi3
                  0x0014aa         0xe6 c:/program files/microchip/xc16/v2.10/bin/bin/../../lib\libc99-pic30-elf.a(divmoddi3.DA_o)
                  0x0014aa                  ___udivmoddi3
 .libm.__udivdi3
                  0x001590          0xe c:/program files/microchip/xc16/v2.10/bin/bin/../../lib\libc99-pic30-elf.a(divmoddi3.DA_o)
                  0x001590                  ___udivdi3
 .libm.__umoddi3
                  0x00159e          0x8 c:/program files/microchip/xc16/v2.10/bin/bin/../../lib\libc99-pic30-elf.a(divmoddi3.DA_o)
                  0x00159e                  ___umoddi3
 .libm.__divdi3
                  0x0015a6         0x60 c:/program files/microchip/xc16/v2.10/bin/bin/../../lib\libc99-pic30-elf.a(divmoddi3.DA_o)
                  0x0015a6                  ___divdi3
 .libm.__moddi3
                  0x001606         0x5c c:/program files/microchip/xc16/v2.10/bin/bin/../../lib\libc99-pic30-elf.a(divmoddi3.DA_o)
                  0x001606                  ___moddi3
 .libm.__muldi3
                  0x001662         0x52 c:/program files/microchip/xc16/v2.10/bin/bin/../../lib\libc99-pic30-elf.a(muldi3.DA_o)
                  0x001662                  ___muldi3
 .libm.umuldi3    0x0016b4         0x44 c:/program files/microchip/xc16/v2.10/bin/bin/../../lib\libc99-pic30-elf.a(umuldi3.DA_o)
                  0x0016b4                  ___umuldi3

usercode
 *(usercode)

__CONFIG4
 *(__CONFIG4.sec*)

__CONFIG3
 *(__CONFIG3.sec*)

__CONFIG2
 *(__CONFIG2.sec*)

__CONFIG1
 *(__CONFIG1.sec*)

.comment
 *(.comment)

.debug_info       0x000000      0x22815
 *(.debug_info)
 .debug_info      0x000000        0x839 build/default/debug/_ext/1669077864/usb_descriptors.o
 .debug_info      0x000839       0x35f6 build/default/debug/_ext/1669077864/usb_device.o
 .debug_info      0x003e2f        0xc93 build/default/debug/_ext/1669077864/USB_DRV.o
 .debug_info      0x004ac2       0x16b0 build/default/debug/_ext/1669077864/usb_function_cdc.o
 .debug_info      0x006172        0xa0c build/default/debug/_ext/1669077864/usb_hal_pic24.o
 .debug_info      0x006b7e       0x40d9 build/default/debug/_ext/1728301206/COMM_SMC.o
 .debug_info      0x00ac57       0x46ff build/default/debug/_ext/1728301206/CPU_SM_MAIN.o
 .debug_info      0x00f356        0xaf5 build/default/debug/_ext/1728301206/CRC16.o
 .debug_info      0x00fe4b        0x1ec build/default/debug/_ext/1728301206/CRC32.o
 .debug_info      0x010037       0x1f42 build/default/debug/_ext/1728301206/DRV_A2D.o
 .debug_info      0x011f79        0x7ea build/default/debug/_ext/1728301206/DRV_I2C.o
 .debug_info      0x012763        0xfaa build/default/debug/_ext/1728301206/DRV_MEM.o
 .debug_info      0x01370d        0xc2d build/default/debug/_ext/1728301206/DRV_RTC.o
 .debug_info      0x01433a        0xa77 build/default/debug/_ext/1728301206/EEPROM.o
 .debug_info      0x014db1       0x2e65 build/default/debug/_ext/1728301206/EVENTS.o
 .debug_info      0x017c16       0x213f build/default/debug/_ext/1728301206/comm_host.o
 .debug_info      0x019d55       0x261e build/default/debug/_ext/1728301206/command_proc.o
 .debug_info      0x01c373        0x3e1 build/default/debug/_ext/1728301206/DRV_CNT.o
 .debug_info      0x01c754        0x8d0 build/default/debug/_ext/1728301206/DRV_DI.o
 .debug_info      0x01d024        0x825 build/default/debug/_ext/1728301206/DRV_LED.o
 .debug_info      0x01d849        0xce4 build/default/debug/_ext/1728301206/PRINT.o
 .debug_info      0x01e52d       0x1c58 build/default/debug/_ext/1728301206/DRV_GLCD_SPI.o
 .debug_info      0x020185        0x47a build/default/debug/_ext/1728301206/AUTO_DRV_CNT.o
 .debug_info      0x0205ff       0x1dae build/default/debug/_ext/1728301206/COMM_GSM.o
 .debug_info      0x0223ad         0x8d c:/program files/microchip/xc16/v2.10/bin/bin/../../lib\libc99-pic30-elf.a(udivsi3.DA_o)
 .debug_info      0x02243a         0x8c c:/program files/microchip/xc16/v2.10/bin/bin/../../lib\libc99-pic30-elf.a(divsi3.DA_o)
 .debug_info      0x0224c6         0x90 c:/program files/microchip/xc16/v2.10/bin/bin/../../lib\libc99-pic30-elf.a(extendsfdf.DA_o)
 .debug_info      0x022556         0x8d c:/program files/microchip/xc16/v2.10/bin/bin/../../lib\libc99-pic30-elf.a(funpack.DA_o)
 .debug_info      0x0225e3         0x8c c:/program files/microchip/xc16/v2.10/bin/bin/../../lib\libc99-pic30-elf.a(modsi3.DA_o)
 .debug_info      0x02266f         0x8d c:/program files/microchip/xc16/v2.10/bin/bin/../../lib\libc99-pic30-elf.a(umodsi3.DA_o)
 .debug_info      0x0226fc         0x8c c:/program files/microchip/xc16/v2.10/bin/bin/../../lib\libc99-pic30-elf.a(mulsi3.DA_o)
 .debug_info      0x022788         0x8d c:/program files/microchip/xc16/v2.10/bin/bin/../../lib\libc99-pic30-elf.a(umuldi3.DA_o)
 *(.gnu.linkonce.wi.*)

.debug_abbrev     0x000000       0x270a
 *(.debug_abbrev)
 .debug_abbrev    0x000000        0x10e build/default/debug/_ext/1669077864/usb_descriptors.o
 .debug_abbrev    0x00010e        0x2b9 build/default/debug/_ext/1669077864/usb_device.o
 .debug_abbrev    0x0003c7        0x1a8 build/default/debug/_ext/1669077864/USB_DRV.o
 .debug_abbrev    0x00056f        0x1b4 build/default/debug/_ext/1669077864/usb_function_cdc.o
 .debug_abbrev    0x000723        0x13f build/default/debug/_ext/1669077864/usb_hal_pic24.o
 .debug_abbrev    0x000862        0x283 build/default/debug/_ext/1728301206/COMM_SMC.o
 .debug_abbrev    0x000ae5        0x298 build/default/debug/_ext/1728301206/CPU_SM_MAIN.o
 .debug_abbrev    0x000d7d        0x112 build/default/debug/_ext/1728301206/CRC16.o
 .debug_abbrev    0x000e8f         0x97 build/default/debug/_ext/1728301206/CRC32.o
 .debug_abbrev    0x000f26        0x14a build/default/debug/_ext/1728301206/DRV_A2D.o
 .debug_abbrev    0x001070        0x15b build/default/debug/_ext/1728301206/DRV_I2C.o
 .debug_abbrev    0x0011cb        0x20e build/default/debug/_ext/1728301206/DRV_MEM.o
 .debug_abbrev    0x0013d9        0x1e7 build/default/debug/_ext/1728301206/DRV_RTC.o
 .debug_abbrev    0x0015c0        0x16f build/default/debug/_ext/1728301206/EEPROM.o
 .debug_abbrev    0x00172f        0x26f build/default/debug/_ext/1728301206/EVENTS.o
 .debug_abbrev    0x00199e        0x1f7 build/default/debug/_ext/1728301206/comm_host.o
 .debug_abbrev    0x001b95        0x186 build/default/debug/_ext/1728301206/command_proc.o
 .debug_abbrev    0x001d1b         0xde build/default/debug/_ext/1728301206/DRV_CNT.o
 .debug_abbrev    0x001df9        0x13b build/default/debug/_ext/1728301206/DRV_DI.o
 .debug_abbrev    0x001f34         0xde build/default/debug/_ext/1728301206/DRV_LED.o
 .debug_abbrev    0x002012        0x1a0 build/default/debug/_ext/1728301206/PRINT.o
 .debug_abbrev    0x0021b2        0x207 build/default/debug/_ext/1728301206/DRV_GLCD_SPI.o
 .debug_abbrev    0x0023b9         0xde build/default/debug/_ext/1728301206/AUTO_DRV_CNT.o
 .debug_abbrev    0x002497        0x1d3 build/default/debug/_ext/1728301206/COMM_GSM.o
 .debug_abbrev    0x00266a         0x14 c:/program files/microchip/xc16/v2.10/bin/bin/../../lib\libc99-pic30-elf.a(udivsi3.DA_o)
 .debug_abbrev    0x00267e         0x14 c:/program files/microchip/xc16/v2.10/bin/bin/../../lib\libc99-pic30-elf.a(divsi3.DA_o)
 .debug_abbrev    0x002692         0x14 c:/program files/microchip/xc16/v2.10/bin/bin/../../lib\libc99-pic30-elf.a(extendsfdf.DA_o)
 .debug_abbrev    0x0026a6         0x14 c:/program files/microchip/xc16/v2.10/bin/bin/../../lib\libc99-pic30-elf.a(funpack.DA_o)
 .debug_abbrev    0x0026ba         0x14 c:/program files/microchip/xc16/v2.10/bin/bin/../../lib\libc99-pic30-elf.a(modsi3.DA_o)
 .debug_abbrev    0x0026ce         0x14 c:/program files/microchip/xc16/v2.10/bin/bin/../../lib\libc99-pic30-elf.a(umodsi3.DA_o)
 .debug_abbrev    0x0026e2         0x14 c:/program files/microchip/xc16/v2.10/bin/bin/../../lib\libc99-pic30-elf.a(mulsi3.DA_o)
 .debug_abbrev    0x0026f6         0x14 c:/program files/microchip/xc16/v2.10/bin/bin/../../lib\libc99-pic30-elf.a(umuldi3.DA_o)

.debug_line       0x000000       0x38e0
 *(.debug_line)
 .debug_line      0x000000         0x9f build/default/debug/_ext/1669077864/usb_descriptors.o
 .debug_line      0x00009f        0x544 build/default/debug/_ext/1669077864/usb_device.o
 .debug_line      0x0005e3        0x20a build/default/debug/_ext/1669077864/USB_DRV.o
 .debug_line      0x0007ed        0x14f build/default/debug/_ext/1669077864/usb_function_cdc.o
 .debug_line      0x00093c        0x15d build/default/debug/_ext/1669077864/usb_hal_pic24.o
 .debug_line      0x000a99        0x42d build/default/debug/_ext/1728301206/COMM_SMC.o
 .debug_line      0x000ec6        0x3c2 build/default/debug/_ext/1728301206/CPU_SM_MAIN.o
 .debug_line      0x001288         0xc1 build/default/debug/_ext/1728301206/CRC16.o
 .debug_line      0x001349         0xc5 build/default/debug/_ext/1728301206/CRC32.o
 .debug_line      0x00140e        0x1db build/default/debug/_ext/1728301206/DRV_A2D.o
 .debug_line      0x0015e9        0x17d build/default/debug/_ext/1728301206/DRV_I2C.o
 .debug_line      0x001766        0x269 build/default/debug/_ext/1728301206/DRV_MEM.o
 .debug_line      0x0019cf        0x21b build/default/debug/_ext/1728301206/DRV_RTC.o
 .debug_line      0x001bea         0xff build/default/debug/_ext/1728301206/EEPROM.o
 .debug_line      0x001ce9        0x5f4 build/default/debug/_ext/1728301206/EVENTS.o
 .debug_line      0x0022dd        0x272 build/default/debug/_ext/1728301206/comm_host.o
 .debug_line      0x00254f        0x262 build/default/debug/_ext/1728301206/command_proc.o
 .debug_line      0x0027b1        0x14e build/default/debug/_ext/1728301206/DRV_CNT.o
 .debug_line      0x0028ff        0x20c build/default/debug/_ext/1728301206/DRV_DI.o
 .debug_line      0x002b0b        0x1b8 build/default/debug/_ext/1728301206/DRV_LED.o
 .debug_line      0x002cc3        0x30a build/default/debug/_ext/1728301206/PRINT.o
 .debug_line      0x002fcd        0x2bd build/default/debug/_ext/1728301206/DRV_GLCD_SPI.o
 .debug_line      0x00328a        0x158 build/default/debug/_ext/1728301206/AUTO_DRV_CNT.o
 .debug_line      0x0033e2        0x2c7 build/default/debug/_ext/1728301206/COMM_GSM.o
 .debug_line      0x0036a9         0x45 c:/program files/microchip/xc16/v2.10/bin/bin/../../lib\libc99-pic30-elf.a(udivsi3.DA_o)
 .debug_line      0x0036ee         0x43 c:/program files/microchip/xc16/v2.10/bin/bin/../../lib\libc99-pic30-elf.a(divsi3.DA_o)
 .debug_line      0x003731         0x59 c:/program files/microchip/xc16/v2.10/bin/bin/../../lib\libc99-pic30-elf.a(extendsfdf.DA_o)
 .debug_line      0x00378a         0x4a c:/program files/microchip/xc16/v2.10/bin/bin/../../lib\libc99-pic30-elf.a(funpack.DA_o)
 .debug_line      0x0037d4         0x43 c:/program files/microchip/xc16/v2.10/bin/bin/../../lib\libc99-pic30-elf.a(modsi3.DA_o)
 .debug_line      0x003817         0x38 c:/program files/microchip/xc16/v2.10/bin/bin/../../lib\libc99-pic30-elf.a(umodsi3.DA_o)
 .debug_line      0x00384f         0x3a c:/program files/microchip/xc16/v2.10/bin/bin/../../lib\libc99-pic30-elf.a(mulsi3.DA_o)
 .debug_line      0x003889         0x57 c:/program files/microchip/xc16/v2.10/bin/bin/../../lib\libc99-pic30-elf.a(umuldi3.DA_o)

.debug_frame      0x000000       0x16dc
 *(.debug_frame)
 .debug_frame     0x000000        0x284 build/default/debug/_ext/1669077864/usb_device.o
 .debug_frame     0x000284         0xca build/default/debug/_ext/1669077864/USB_DRV.o
 .debug_frame     0x00034e         0x96 build/default/debug/_ext/1669077864/usb_function_cdc.o
 .debug_frame     0x0003e4         0x2e build/default/debug/_ext/1669077864/usb_hal_pic24.o
 .debug_frame     0x000412        0x180 build/default/debug/_ext/1728301206/COMM_SMC.o
 .debug_frame     0x000592        0x1b4 build/default/debug/_ext/1728301206/CPU_SM_MAIN.o
 .debug_frame     0x000746         0x2e build/default/debug/_ext/1728301206/CRC16.o
 .debug_frame     0x000774         0x2e build/default/debug/_ext/1728301206/CRC32.o
 .debug_frame     0x0007a2         0x96 build/default/debug/_ext/1728301206/DRV_A2D.o
 .debug_frame     0x000838        0x118 build/default/debug/_ext/1728301206/DRV_I2C.o
 .debug_frame     0x000950        0x102 build/default/debug/_ext/1728301206/DRV_MEM.o
 .debug_frame     0x000a52         0xec build/default/debug/_ext/1728301206/DRV_RTC.o
 .debug_frame     0x000b3e         0xca build/default/debug/_ext/1728301206/EEPROM.o
 .debug_frame     0x000c08        0x208 build/default/debug/_ext/1728301206/EVENTS.o
 .debug_frame     0x000e10         0xe4 build/default/debug/_ext/1728301206/comm_host.o
 .debug_frame     0x000ef4        0x148 build/default/debug/_ext/1728301206/command_proc.o
 .debug_frame     0x00103c         0x7c build/default/debug/_ext/1728301206/DRV_CNT.o
 .debug_frame     0x0010b8         0xfe build/default/debug/_ext/1728301206/DRV_DI.o
 .debug_frame     0x0011b6        0x180 build/default/debug/_ext/1728301206/DRV_LED.o
 .debug_frame     0x001336         0xfe build/default/debug/_ext/1728301206/PRINT.o
 .debug_frame     0x001434         0x96 build/default/debug/_ext/1728301206/DRV_GLCD_SPI.o
 .debug_frame     0x0014ca         0x7c build/default/debug/_ext/1728301206/AUTO_DRV_CNT.o
 .debug_frame     0x001546        0x196 build/default/debug/_ext/1728301206/COMM_GSM.o

.debug_str        0x000000       0x1717
 *(.debug_str)
 .debug_str       0x000000         0x18 build/default/debug/_ext/1669077864/usb_descriptors.o
 .debug_str       0x000018        0x3c6 build/default/debug/_ext/1669077864/usb_device.o
 .debug_str       0x0003de         0x9f build/default/debug/_ext/1669077864/USB_DRV.o
 .debug_str       0x00047d        0x10f build/default/debug/_ext/1669077864/usb_function_cdc.o
 .debug_str       0x00058c         0x28 build/default/debug/_ext/1669077864/usb_hal_pic24.o
 .debug_str       0x0005b4        0x29e build/default/debug/_ext/1728301206/COMM_SMC.o
 .debug_str       0x000852        0x216 build/default/debug/_ext/1728301206/CPU_SM_MAIN.o
 .debug_str       0x000a68         0x99 build/default/debug/_ext/1728301206/CRC16.o
 .debug_str       0x000b01          0xe build/default/debug/_ext/1728301206/CRC32.o
 .debug_str       0x000b0f        0x193 build/default/debug/_ext/1728301206/DRV_A2D.o
 .debug_str       0x000ca2         0x2b build/default/debug/_ext/1728301206/DRV_I2C.o
 .debug_str       0x000ccd         0xed build/default/debug/_ext/1728301206/DRV_MEM.o
 .debug_str       0x000dba         0x53 build/default/debug/_ext/1728301206/DRV_RTC.o
 .debug_str       0x000e0d         0x10 build/default/debug/_ext/1728301206/EEPROM.o
 .debug_str       0x000e1d        0x24c build/default/debug/_ext/1728301206/EVENTS.o
 .debug_str       0x001069        0x146 build/default/debug/_ext/1728301206/comm_host.o
 .debug_str       0x0011af         0xe9 build/default/debug/_ext/1728301206/command_proc.o
 .debug_str       0x001298         0x18 build/default/debug/_ext/1728301206/DRV_CNT.o
 .debug_str       0x0012b0         0x64 build/default/debug/_ext/1728301206/DRV_DI.o
 .debug_str       0x001314         0x59 build/default/debug/_ext/1728301206/DRV_LED.o
 .debug_str       0x00136d         0x54 build/default/debug/_ext/1728301206/PRINT.o
 .debug_str       0x0013c1        0x1a0 build/default/debug/_ext/1728301206/DRV_GLCD_SPI.o
 .debug_str       0x001561         0x1d build/default/debug/_ext/1728301206/AUTO_DRV_CNT.o
 .debug_str       0x00157e        0x199 build/default/debug/_ext/1728301206/COMM_GSM.o

.debug_loc
 *(.debug_loc)

.debug_macinfo
 *(.debug_macinfo)

.debug_pubnames
                  0x000000       0x225f
 *(.debug_pubnames)
 .debug_pubnames
                  0x000000         0x55 build/default/debug/_ext/1669077864/usb_descriptors.o
 .debug_pubnames
                  0x000055        0x40e build/default/debug/_ext/1669077864/usb_device.o
 .debug_pubnames
                  0x000463         0xea build/default/debug/_ext/1669077864/USB_DRV.o
 .debug_pubnames
                  0x00054d        0x175 build/default/debug/_ext/1669077864/usb_function_cdc.o
 .debug_pubnames
                  0x0006c2         0x28 build/default/debug/_ext/1669077864/usb_hal_pic24.o
 .debug_pubnames
                  0x0006ea        0x323 build/default/debug/_ext/1728301206/COMM_SMC.o
 .debug_pubnames
                  0x000a0d        0x3d3 build/default/debug/_ext/1728301206/CPU_SM_MAIN.o
 .debug_pubnames
                  0x000de0         0x44 build/default/debug/_ext/1728301206/CRC16.o
 .debug_pubnames
                  0x000e24         0x2e build/default/debug/_ext/1728301206/CRC32.o
 .debug_pubnames
                  0x000e52         0xc6 build/default/debug/_ext/1728301206/DRV_A2D.o
 .debug_pubnames
                  0x000f18         0xe6 build/default/debug/_ext/1728301206/DRV_I2C.o
 .debug_pubnames
                  0x000ffe        0x190 build/default/debug/_ext/1728301206/DRV_MEM.o
 .debug_pubnames
                  0x00118e         0xe0 build/default/debug/_ext/1728301206/DRV_RTC.o
 .debug_pubnames
                  0x00126e         0xec build/default/debug/_ext/1728301206/EEPROM.o
 .debug_pubnames
                  0x00135a        0x33a build/default/debug/_ext/1728301206/EVENTS.o
 .debug_pubnames
                  0x001694        0x122 build/default/debug/_ext/1728301206/comm_host.o
 .debug_pubnames
                  0x0017b6        0x1e0 build/default/debug/_ext/1728301206/command_proc.o
 .debug_pubnames
                  0x001996         0x89 build/default/debug/_ext/1728301206/DRV_CNT.o
 .debug_pubnames
                  0x001a1f        0x13f build/default/debug/_ext/1728301206/DRV_DI.o
 .debug_pubnames
                  0x001b5e        0x227 build/default/debug/_ext/1728301206/DRV_LED.o
 .debug_pubnames
                  0x001d85         0xfa build/default/debug/_ext/1728301206/PRINT.o
 .debug_pubnames
                  0x001e7f        0x104 build/default/debug/_ext/1728301206/DRV_GLCD_SPI.o
 .debug_pubnames
                  0x001f83         0xa2 build/default/debug/_ext/1728301206/AUTO_DRV_CNT.o
 .debug_pubnames
                  0x002025        0x23a build/default/debug/_ext/1728301206/COMM_GSM.o

.debug_ranges
 *(.debug_ranges)

.debug_aranges    0x000000        0x328
 *(.debug_aranges)
 .debug_aranges
                  0x000000         0x18 build/default/debug/_ext/1669077864/usb_device.o
 .debug_aranges
                  0x000018         0x18 build/default/debug/_ext/1669077864/USB_DRV.o
 .debug_aranges
                  0x000030         0x18 build/default/debug/_ext/1669077864/usb_function_cdc.o
 .debug_aranges
                  0x000048         0x18 build/default/debug/_ext/1669077864/usb_hal_pic24.o
 .debug_aranges
                  0x000060         0x18 build/default/debug/_ext/1728301206/COMM_SMC.o
 .debug_aranges
                  0x000078         0x18 build/default/debug/_ext/1728301206/CPU_SM_MAIN.o
 .debug_aranges
                  0x000090         0x18 build/default/debug/_ext/1728301206/CRC16.o
 .debug_aranges
                  0x0000a8         0x18 build/default/debug/_ext/1728301206/CRC32.o
 .debug_aranges
                  0x0000c0         0x18 build/default/debug/_ext/1728301206/DRV_A2D.o
 .debug_aranges
                  0x0000d8         0x18 build/default/debug/_ext/1728301206/DRV_I2C.o
 .debug_aranges
                  0x0000f0         0x18 build/default/debug/_ext/1728301206/DRV_MEM.o
 .debug_aranges
                  0x000108         0x18 build/default/debug/_ext/1728301206/DRV_RTC.o
 .debug_aranges
                  0x000120         0x18 build/default/debug/_ext/1728301206/EEPROM.o
 .debug_aranges
                  0x000138         0x18 build/default/debug/_ext/1728301206/EVENTS.o
 .debug_aranges
                  0x000150         0x18 build/default/debug/_ext/1728301206/comm_host.o
 .debug_aranges
                  0x000168         0x18 build/default/debug/_ext/1728301206/command_proc.o
 .debug_aranges
                  0x000180         0x18 build/default/debug/_ext/1728301206/DRV_CNT.o
 .debug_aranges
                  0x000198         0x18 build/default/debug/_ext/1728301206/DRV_DI.o
 .debug_aranges
                  0x0001b0         0x18 build/default/debug/_ext/1728301206/DRV_LED.o
 .debug_aranges
                  0x0001c8         0x18 build/default/debug/_ext/1728301206/PRINT.o
 .debug_aranges
                  0x0001e0         0x18 build/default/debug/_ext/1728301206/DRV_GLCD_SPI.o
 .debug_aranges
                  0x0001f8         0x18 build/default/debug/_ext/1728301206/AUTO_DRV_CNT.o
 .debug_aranges
                  0x000210         0x18 build/default/debug/_ext/1728301206/COMM_GSM.o
 .debug_aranges
                  0x000228         0x20 c:/program files/microchip/xc16/v2.10/bin/bin/../../lib\libc99-pic30-elf.a(udivsi3.DA_o)
 .debug_aranges
                  0x000248         0x20 c:/program files/microchip/xc16/v2.10/bin/bin/../../lib\libc99-pic30-elf.a(divsi3.DA_o)
 .debug_aranges
                  0x000268         0x20 c:/program files/microchip/xc16/v2.10/bin/bin/../../lib\libc99-pic30-elf.a(extendsfdf.DA_o)
 .debug_aranges
                  0x000288         0x20 c:/program files/microchip/xc16/v2.10/bin/bin/../../lib\libc99-pic30-elf.a(funpack.DA_o)
 .debug_aranges
                  0x0002a8         0x20 c:/program files/microchip/xc16/v2.10/bin/bin/../../lib\libc99-pic30-elf.a(modsi3.DA_o)
 .debug_aranges
                  0x0002c8         0x20 c:/program files/microchip/xc16/v2.10/bin/bin/../../lib\libc99-pic30-elf.a(umodsi3.DA_o)
 .debug_aranges
                  0x0002e8         0x20 c:/program files/microchip/xc16/v2.10/bin/bin/../../lib\libc99-pic30-elf.a(mulsi3.DA_o)
 .debug_aranges
                  0x000308         0x20 c:/program files/microchip/xc16/v2.10/bin/bin/../../lib\libc99-pic30-elf.a(umuldi3.DA_o)

.ivt              0x000004         0xfc
                  0x000004          0x4 LONG 0x0 DEFINED (__ReservedTrap0)?ABSOLUTE (__ReservedTrap0):ABSOLUTE (__DefaultInterrupt)
                  0x000006          0x4 LONG 0x0 DEFINED (__OscillatorFail)?ABSOLUTE (__OscillatorFail):ABSOLUTE (__DefaultInterrupt)
                  0x000008          0x4 LONG 0x0 DEFINED (__AddressError)?ABSOLUTE (__AddressError):ABSOLUTE (__DefaultInterrupt)
                  0x00000a          0x4 LONG 0x0 DEFINED (__StackError)?ABSOLUTE (__StackError):ABSOLUTE (__DefaultInterrupt)
                  0x00000c          0x4 LONG 0x0 DEFINED (__MathError)?ABSOLUTE (__MathError):ABSOLUTE (__DefaultInterrupt)
                  0x00000e          0x4 LONG 0x0 DEFINED (__ReservedTrap5)?ABSOLUTE (__ReservedTrap5):ABSOLUTE (__DefaultInterrupt)
                  0x000010          0x4 LONG 0x0 DEFINED (__ReservedTrap6)?ABSOLUTE (__ReservedTrap6):ABSOLUTE (__DefaultInterrupt)
                  0x000012          0x4 LONG 0x0 DEFINED (__ReservedTrap7)?ABSOLUTE (__ReservedTrap7):ABSOLUTE (__DefaultInterrupt)
                  0x000014          0x4 LONG 0x0 DEFINED (__INT0Interrupt)?ABSOLUTE (__INT0Interrupt):ABSOLUTE (__DefaultInterrupt)
                  0x000016          0x4 LONG 0x0 DEFINED (__IC1Interrupt)?ABSOLUTE (__IC1Interrupt):ABSOLUTE (__DefaultInterrupt)
                  0x000018          0x4 LONG 0x0 DEFINED (__OC1Interrupt)?ABSOLUTE (__OC1Interrupt):ABSOLUTE (__DefaultInterrupt)
                  0x00001a          0x4 LONG 0x0 DEFINED (__T1Interrupt)?ABSOLUTE (__T1Interrupt):ABSOLUTE (__DefaultInterrupt)
                  0x00001c          0x4 LONG 0x0 DEFINED (__Interrupt4)?ABSOLUTE (__Interrupt4):ABSOLUTE (__DefaultInterrupt)
                  0x00001e          0x4 LONG 0x0 DEFINED (__IC2Interrupt)?ABSOLUTE (__IC2Interrupt):ABSOLUTE (__DefaultInterrupt)
                  0x000020          0x4 LONG 0x0 DEFINED (__OC2Interrupt)?ABSOLUTE (__OC2Interrupt):ABSOLUTE (__DefaultInterrupt)
                  0x000022          0x4 LONG 0x0 DEFINED (__T2Interrupt)?ABSOLUTE (__T2Interrupt):ABSOLUTE (__DefaultInterrupt)
                  0x000024          0x4 LONG 0x0 DEFINED (__T3Interrupt)?ABSOLUTE (__T3Interrupt):ABSOLUTE (__DefaultInterrupt)
                  0x000026          0x4 LONG 0x0 DEFINED (__SPI1ErrInterrupt)?ABSOLUTE (__SPI1ErrInterrupt):ABSOLUTE (__DefaultInterrupt)
                  0x000028          0x4 LONG 0x0 DEFINED (__SPI1Interrupt)?ABSOLUTE (__SPI1Interrupt):ABSOLUTE (__DefaultInterrupt)
                  0x00002a          0x4 LONG 0x0 DEFINED (__U1RXInterrupt)?ABSOLUTE (__U1RXInterrupt):ABSOLUTE (__DefaultInterrupt)
                  0x00002c          0x4 LONG 0x0 DEFINED (__U1TXInterrupt)?ABSOLUTE (__U1TXInterrupt):ABSOLUTE (__DefaultInterrupt)
                  0x00002e          0x4 LONG 0x0 DEFINED (__ADC1Interrupt)?ABSOLUTE (__ADC1Interrupt):ABSOLUTE (__DefaultInterrupt)
                  0x000030          0x4 LONG 0x0 DEFINED (__Interrupt14)?ABSOLUTE (__Interrupt14):ABSOLUTE (__DefaultInterrupt)
                  0x000032          0x4 LONG 0x0 DEFINED (__Interrupt15)?ABSOLUTE (__Interrupt15):ABSOLUTE (__DefaultInterrupt)
                  0x000034          0x4 LONG 0x0 DEFINED (__SI2C1Interrupt)?ABSOLUTE (__SI2C1Interrupt):ABSOLUTE (__DefaultInterrupt)
                  0x000036          0x4 LONG 0x0 DEFINED (__MI2C1Interrupt)?ABSOLUTE (__MI2C1Interrupt):ABSOLUTE (__DefaultInterrupt)
                  0x000038          0x4 LONG 0x0 DEFINED (__CompInterrupt)?ABSOLUTE (__CompInterrupt):ABSOLUTE (__DefaultInterrupt)
                  0x00003a          0x4 LONG 0x0 DEFINED (__CNInterrupt)?ABSOLUTE (__CNInterrupt):ABSOLUTE (__DefaultInterrupt)
                  0x00003c          0x4 LONG 0x0 DEFINED (__INT1Interrupt)?ABSOLUTE (__INT1Interrupt):ABSOLUTE (__DefaultInterrupt)
                  0x00003e          0x4 LONG 0x0 DEFINED (__Interrupt21)?ABSOLUTE (__Interrupt21):ABSOLUTE (__DefaultInterrupt)
                  0x000040          0x4 LONG 0x0 DEFINED (__IC7Interrupt)?ABSOLUTE (__IC7Interrupt):ABSOLUTE (__DefaultInterrupt)
                  0x000042          0x4 LONG 0x0 DEFINED (__IC8Interrupt)?ABSOLUTE (__IC8Interrupt):ABSOLUTE (__DefaultInterrupt)
                  0x000044          0x4 LONG 0x0 DEFINED (__Interrupt24)?ABSOLUTE (__Interrupt24):ABSOLUTE (__DefaultInterrupt)
                  0x000046          0x4 LONG 0x0 DEFINED (__OC3Interrupt)?ABSOLUTE (__OC3Interrupt):ABSOLUTE (__DefaultInterrupt)
                  0x000048          0x4 LONG 0x0 DEFINED (__OC4Interrupt)?ABSOLUTE (__OC4Interrupt):ABSOLUTE (__DefaultInterrupt)
                  0x00004a          0x4 LONG 0x0 DEFINED (__T4Interrupt)?ABSOLUTE (__T4Interrupt):ABSOLUTE (__DefaultInterrupt)
                  0x00004c          0x4 LONG 0x0 DEFINED (__T5Interrupt)?ABSOLUTE (__T5Interrupt):ABSOLUTE (__DefaultInterrupt)
                  0x00004e          0x4 LONG 0x0 DEFINED (__INT2Interrupt)?ABSOLUTE (__INT2Interrupt):ABSOLUTE (__DefaultInterrupt)
                  0x000050          0x4 LONG 0x0 DEFINED (__U2RXInterrupt)?ABSOLUTE (__U2RXInterrupt):ABSOLUTE (__DefaultInterrupt)
                  0x000052          0x4 LONG 0x0 DEFINED (__U2TXInterrupt)?ABSOLUTE (__U2TXInterrupt):ABSOLUTE (__DefaultInterrupt)
                  0x000054          0x4 LONG 0x0 DEFINED (__SPI2ErrInterrupt)?ABSOLUTE (__SPI2ErrInterrupt):ABSOLUTE (__DefaultInterrupt)
                  0x000056          0x4 LONG 0x0 DEFINED (__SPI2Interrupt)?ABSOLUTE (__SPI2Interrupt):ABSOLUTE (__DefaultInterrupt)
                  0x000058          0x4 LONG 0x0 DEFINED (__Interrupt34)?ABSOLUTE (__Interrupt34):ABSOLUTE (__DefaultInterrupt)
                  0x00005a          0x4 LONG 0x0 DEFINED (__Interrupt35)?ABSOLUTE (__Interrupt35):ABSOLUTE (__DefaultInterrupt)
                  0x00005c          0x4 LONG 0x0 DEFINED (__Interrupt36)?ABSOLUTE (__Interrupt36):ABSOLUTE (__DefaultInterrupt)
                  0x00005e          0x4 LONG 0x0 DEFINED (__IC3Interrupt)?ABSOLUTE (__IC3Interrupt):ABSOLUTE (__DefaultInterrupt)
                  0x000060          0x4 LONG 0x0 DEFINED (__IC4Interrupt)?ABSOLUTE (__IC4Interrupt):ABSOLUTE (__DefaultInterrupt)
                  0x000062          0x4 LONG 0x0 DEFINED (__IC5Interrupt)?ABSOLUTE (__IC5Interrupt):ABSOLUTE (__DefaultInterrupt)
                  0x000064          0x4 LONG 0x0 DEFINED (__IC6Interrupt)?ABSOLUTE (__IC6Interrupt):ABSOLUTE (__DefaultInterrupt)
                  0x000066          0x4 LONG 0x0 DEFINED (__OC5Interrupt)?ABSOLUTE (__OC5Interrupt):ABSOLUTE (__DefaultInterrupt)
                  0x000068          0x4 LONG 0x0 DEFINED (__OC6Interrupt)?ABSOLUTE (__OC6Interrupt):ABSOLUTE (__DefaultInterrupt)
                  0x00006a          0x4 LONG 0x0 DEFINED (__OC7Interrupt)?ABSOLUTE (__OC7Interrupt):ABSOLUTE (__DefaultInterrupt)
                  0x00006c          0x4 LONG 0x0 DEFINED (__OC8Interrupt)?ABSOLUTE (__OC8Interrupt):ABSOLUTE (__DefaultInterrupt)
                  0x00006e          0x4 LONG 0x0 DEFINED (__PMPInterrupt)?ABSOLUTE (__PMPInterrupt):ABSOLUTE (__DefaultInterrupt)
                  0x000070          0x4 LONG 0x0 DEFINED (__Interrupt46)?ABSOLUTE (__Interrupt46):ABSOLUTE (__DefaultInterrupt)
                  0x000072          0x4 LONG 0x0 DEFINED (__Interrupt47)?ABSOLUTE (__Interrupt47):ABSOLUTE (__DefaultInterrupt)
                  0x000074          0x4 LONG 0x0 DEFINED (__Interrupt48)?ABSOLUTE (__Interrupt48):ABSOLUTE (__DefaultInterrupt)
                  0x000076          0x4 LONG 0x0 DEFINED (__SI2C2Interrupt)?ABSOLUTE (__SI2C2Interrupt):ABSOLUTE (__DefaultInterrupt)
                  0x000078          0x4 LONG 0x0 DEFINED (__MI2C2Interrupt)?ABSOLUTE (__MI2C2Interrupt):ABSOLUTE (__DefaultInterrupt)
                  0x00007a          0x4 LONG 0x0 DEFINED (__Interrupt51)?ABSOLUTE (__Interrupt51):ABSOLUTE (__DefaultInterrupt)
                  0x00007c          0x4 LONG 0x0 DEFINED (__Interrupt52)?ABSOLUTE (__Interrupt52):ABSOLUTE (__DefaultInterrupt)
                  0x00007e          0x4 LONG 0x0 DEFINED (__INT3Interrupt)?ABSOLUTE (__INT3Interrupt):ABSOLUTE (__DefaultInterrupt)
                  0x000080          0x4 LONG 0x0 DEFINED (__INT4Interrupt)?ABSOLUTE (__INT4Interrupt):ABSOLUTE (__DefaultInterrupt)
                  0x000082          0x4 LONG 0x0 DEFINED (__Interrupt55)?ABSOLUTE (__Interrupt55):ABSOLUTE (__DefaultInterrupt)
                  0x000084          0x4 LONG 0x0 DEFINED (__Interrupt56)?ABSOLUTE (__Interrupt56):ABSOLUTE (__DefaultInterrupt)
                  0x000086          0x4 LONG 0x0 DEFINED (__Interrupt57)?ABSOLUTE (__Interrupt57):ABSOLUTE (__DefaultInterrupt)
                  0x000088          0x4 LONG 0x0 DEFINED (__Interrupt58)?ABSOLUTE (__Interrupt58):ABSOLUTE (__DefaultInterrupt)
                  0x00008a          0x4 LONG 0x0 DEFINED (__Interrupt59)?ABSOLUTE (__Interrupt59):ABSOLUTE (__DefaultInterrupt)
                  0x00008c          0x4 LONG 0x0 DEFINED (__Interrupt60)?ABSOLUTE (__Interrupt60):ABSOLUTE (__DefaultInterrupt)
                  0x00008e          0x4 LONG 0x0 DEFINED (__Interrupt61)?ABSOLUTE (__Interrupt61):ABSOLUTE (__DefaultInterrupt)
                  0x000090          0x4 LONG 0x0 DEFINED (__RTCCInterrupt)?ABSOLUTE (__RTCCInterrupt):ABSOLUTE (__DefaultInterrupt)
                  0x000092          0x4 LONG 0x0 DEFINED (__Interrupt63)?ABSOLUTE (__Interrupt63):ABSOLUTE (__DefaultInterrupt)
                  0x000094          0x4 LONG 0x0 DEFINED (__Interrupt64)?ABSOLUTE (__Interrupt64):ABSOLUTE (__DefaultInterrupt)
                  0x000096          0x4 LONG 0x0 DEFINED (__U1ErrInterrupt)?ABSOLUTE (__U1ErrInterrupt):ABSOLUTE (__DefaultInterrupt)
                  0x000098          0x4 LONG 0x0 DEFINED (__U2ErrInterrupt)?ABSOLUTE (__U2ErrInterrupt):ABSOLUTE (__DefaultInterrupt)
                  0x00009a          0x4 LONG 0x0 DEFINED (__CRCInterrupt)?ABSOLUTE (__CRCInterrupt):ABSOLUTE (__DefaultInterrupt)
                  0x00009c          0x4 LONG 0x0 DEFINED (__Interrupt68)?ABSOLUTE (__Interrupt68):ABSOLUTE (__DefaultInterrupt)
                  0x00009e          0x4 LONG 0x0 DEFINED (__Interrupt69)?ABSOLUTE (__Interrupt69):ABSOLUTE (__DefaultInterrupt)
                  0x0000a0          0x4 LONG 0x0 DEFINED (__Interrupt70)?ABSOLUTE (__Interrupt70):ABSOLUTE (__DefaultInterrupt)
                  0x0000a2          0x4 LONG 0x0 DEFINED (__Interrupt71)?ABSOLUTE (__Interrupt71):ABSOLUTE (__DefaultInterrupt)
                  0x0000a4          0x4 LONG 0x0 DEFINED (__LVDInterrupt)?ABSOLUTE (__LVDInterrupt):ABSOLUTE (__DefaultInterrupt)
                  0x0000a6          0x4 LONG 0x0 DEFINED (__Interrupt73)?ABSOLUTE (__Interrupt73):ABSOLUTE (__DefaultInterrupt)
                  0x0000a8          0x4 LONG 0x0 DEFINED (__Interrupt74)?ABSOLUTE (__Interrupt74):ABSOLUTE (__DefaultInterrupt)
                  0x0000aa          0x4 LONG 0x0 DEFINED (__Interrupt75)?ABSOLUTE (__Interrupt75):ABSOLUTE (__DefaultInterrupt)
                  0x0000ac          0x4 LONG 0x0 DEFINED (__Interrupt76)?ABSOLUTE (__Interrupt76):ABSOLUTE (__DefaultInterrupt)
                  0x0000ae          0x4 LONG 0x0 DEFINED (__CTMUInterrupt)?ABSOLUTE (__CTMUInterrupt):ABSOLUTE (__DefaultInterrupt)
                  0x0000b0          0x4 LONG 0x0 DEFINED (__Interrupt78)?ABSOLUTE (__Interrupt78):ABSOLUTE (__DefaultInterrupt)
                  0x0000b2          0x4 LONG 0x0 DEFINED (__Interrupt79)?ABSOLUTE (__Interrupt79):ABSOLUTE (__DefaultInterrupt)
                  0x0000b4          0x4 LONG 0x0 DEFINED (__Interrupt80)?ABSOLUTE (__Interrupt80):ABSOLUTE (__DefaultInterrupt)
                  0x0000b6          0x4 LONG 0x0 DEFINED (__U3ErrInterrupt)?ABSOLUTE (__U3ErrInterrupt):ABSOLUTE (__DefaultInterrupt)
                  0x0000b8          0x4 LONG 0x0 DEFINED (__U3RXInterrupt)?ABSOLUTE (__U3RXInterrupt):ABSOLUTE (__DefaultInterrupt)
                  0x0000ba          0x4 LONG 0x0 DEFINED (__U3TXInterrupt)?ABSOLUTE (__U3TXInterrupt):ABSOLUTE (__DefaultInterrupt)
                  0x0000bc          0x4 LONG 0x0 DEFINED (__SI2C3Interrupt)?ABSOLUTE (__SI2C3Interrupt):ABSOLUTE (__DefaultInterrupt)
                  0x0000be          0x4 LONG 0x0 DEFINED (__MI2C3Interrupt)?ABSOLUTE (__MI2C3Interrupt):ABSOLUTE (__DefaultInterrupt)
                  0x0000c0          0x4 LONG 0x0 DEFINED (__USB1Interrupt)?ABSOLUTE (__USB1Interrupt):ABSOLUTE (__DefaultInterrupt)
                  0x0000c2          0x4 LONG 0x0 DEFINED (__U4ErrInterrupt)?ABSOLUTE (__U4ErrInterrupt):ABSOLUTE (__DefaultInterrupt)
                  0x0000c4          0x4 LONG 0x0 DEFINED (__U4RXInterrupt)?ABSOLUTE (__U4RXInterrupt):ABSOLUTE (__DefaultInterrupt)
                  0x0000c6          0x4 LONG 0x0 DEFINED (__U4TXInterrupt)?ABSOLUTE (__U4TXInterrupt):ABSOLUTE (__DefaultInterrupt)
                  0x0000c8          0x4 LONG 0x0 DEFINED (__SPI3ErrInterrupt)?ABSOLUTE (__SPI3ErrInterrupt):ABSOLUTE (__DefaultInterrupt)
                  0x0000ca          0x4 LONG 0x0 DEFINED (__SPI3Interrupt)?ABSOLUTE (__SPI3Interrupt):ABSOLUTE (__DefaultInterrupt)
                  0x0000cc          0x4 LONG 0x0 DEFINED (__OC9Interrupt)?ABSOLUTE (__OC9Interrupt):ABSOLUTE (__DefaultInterrupt)
                  0x0000ce          0x4 LONG 0x0 DEFINED (__IC9Interrupt)?ABSOLUTE (__IC9Interrupt):ABSOLUTE (__DefaultInterrupt)
                  0x0000d0          0x4 LONG 0x0 DEFINED (__Interrupt94)?ABSOLUTE (__Interrupt94):ABSOLUTE (__DefaultInterrupt)
                  0x0000d2          0x4 LONG 0x0 DEFINED (__Interrupt95)?ABSOLUTE (__Interrupt95):ABSOLUTE (__DefaultInterrupt)
                  0x0000d4          0x4 LONG 0x0 DEFINED (__Interrupt96)?ABSOLUTE (__Interrupt96):ABSOLUTE (__DefaultInterrupt)
                  0x0000d6          0x4 LONG 0x0 DEFINED (__Interrupt97)?ABSOLUTE (__Interrupt97):ABSOLUTE (__DefaultInterrupt)
                  0x0000d8          0x4 LONG 0x0 DEFINED (__Interrupt98)?ABSOLUTE (__Interrupt98):ABSOLUTE (__DefaultInterrupt)
                  0x0000da          0x4 LONG 0x0 DEFINED (__Interrupt99)?ABSOLUTE (__Interrupt99):ABSOLUTE (__DefaultInterrupt)
                  0x0000dc          0x4 LONG 0x0 DEFINED (__Interrupt100)?ABSOLUTE (__Interrupt100):ABSOLUTE (__DefaultInterrupt)
                  0x0000de          0x4 LONG 0x0 DEFINED (__Interrupt101)?ABSOLUTE (__Interrupt101):ABSOLUTE (__DefaultInterrupt)
                  0x0000e0          0x4 LONG 0x0 DEFINED (__Interrupt102)?ABSOLUTE (__Interrupt102):ABSOLUTE (__DefaultInterrupt)
                  0x0000e2          0x4 LONG 0x0 DEFINED (__Interrupt103)?ABSOLUTE (__Interrupt103):ABSOLUTE (__DefaultInterrupt)
                  0x0000e4          0x4 LONG 0x0 DEFINED (__Interrupt104)?ABSOLUTE (__Interrupt104):ABSOLUTE (__DefaultInterrupt)
                  0x0000e6          0x4 LONG 0x0 DEFINED (__Interrupt105)?ABSOLUTE (__Interrupt105):ABSOLUTE (__DefaultInterrupt)
                  0x0000e8          0x4 LONG 0x0 DEFINED (__Interrupt106)?ABSOLUTE (__Interrupt106):ABSOLUTE (__DefaultInterrupt)
                  0x0000ea          0x4 LONG 0x0 DEFINED (__Interrupt107)?ABSOLUTE (__Interrupt107):ABSOLUTE (__DefaultInterrupt)
                  0x0000ec          0x4 LONG 0x0 DEFINED (__Interrupt108)?ABSOLUTE (__Interrupt108):ABSOLUTE (__DefaultInterrupt)
                  0x0000ee          0x4 LONG 0x0 DEFINED (__Interrupt109)?ABSOLUTE (__Interrupt109):ABSOLUTE (__DefaultInterrupt)
                  0x0000f0          0x4 LONG 0x0 DEFINED (__Interrupt110)?ABSOLUTE (__Interrupt110):ABSOLUTE (__DefaultInterrupt)
                  0x0000f2          0x4 LONG 0x0 DEFINED (__Interrupt111)?ABSOLUTE (__Interrupt111):ABSOLUTE (__DefaultInterrupt)
                  0x0000f4          0x4 LONG 0x0 DEFINED (__Interrupt112)?ABSOLUTE (__Interrupt112):ABSOLUTE (__DefaultInterrupt)
                  0x0000f6          0x4 LONG 0x0 DEFINED (__Interrupt113)?ABSOLUTE (__Interrupt113):ABSOLUTE (__DefaultInterrupt)
                  0x0000f8          0x4 LONG 0x0 DEFINED (__Interrupt114)?ABSOLUTE (__Interrupt114):ABSOLUTE (__DefaultInterrupt)
                  0x0000fa          0x4 LONG 0x0 DEFINED (__Interrupt115)?ABSOLUTE (__Interrupt115):ABSOLUTE (__DefaultInterrupt)
                  0x0000fc          0x4 LONG 0x0 DEFINED (__Interrupt116)?ABSOLUTE (__Interrupt116):ABSOLUTE (__DefaultInterrupt)
                  0x0000fe          0x4 LONG 0x0 DEFINED (__Interrupt117)?ABSOLUTE (__Interrupt117):ABSOLUTE (__DefaultInterrupt)

.aivt             0x000104         0xfc
                  0x000104          0x4 LONG 0x0 DEFINED (__AltReservedTrap0)?ABSOLUTE (__AltReservedTrap0):DEFINED (__ReservedTrap0)?ABSOLUTE (__ReservedTrap0):ABSOLUTE (__DefaultInterrupt)
                  0x000106          0x4 LONG 0x0 DEFINED (__AltOscillatorFail)?ABSOLUTE (__AltOscillatorFail):DEFINED (__OscillatorFail)?ABSOLUTE (__OscillatorFail):ABSOLUTE (__DefaultInterrupt)
                  0x000108          0x4 LONG 0x0 DEFINED (__AltAddressError)?ABSOLUTE (__AltAddressError):DEFINED (__AddressError)?ABSOLUTE (__AddressError):ABSOLUTE (__DefaultInterrupt)
                  0x00010a          0x4 LONG 0x0 DEFINED (__AltStackError)?ABSOLUTE (__AltStackError):DEFINED (__StackError)?ABSOLUTE (__StackError):ABSOLUTE (__DefaultInterrupt)
                  0x00010c          0x4 LONG 0x0 DEFINED (__AltMathError)?ABSOLUTE (__AltMathError):DEFINED (__MathError)?ABSOLUTE (__MathError):ABSOLUTE (__DefaultInterrupt)
                  0x00010e          0x4 LONG 0x0 DEFINED (__AltReservedTrap5)?ABSOLUTE (__AltReservedTrap5):DEFINED (__ReservedTrap5)?ABSOLUTE (__ReservedTrap5):ABSOLUTE (__DefaultInterrupt)
                  0x000110          0x4 LONG 0x0 DEFINED (__AltReservedTrap6)?ABSOLUTE (__AltReservedTrap6):DEFINED (__ReservedTrap6)?ABSOLUTE (__ReservedTrap6):ABSOLUTE (__DefaultInterrupt)
                  0x000112          0x4 LONG 0x0 DEFINED (__AltReservedTrap7)?ABSOLUTE (__AltReservedTrap7):DEFINED (__ReservedTrap7)?ABSOLUTE (__ReservedTrap7):ABSOLUTE (__DefaultInterrupt)
                  0x000114          0x4 LONG 0x0 DEFINED (__AltINT0Interrupt)?ABSOLUTE (__AltINT0Interrupt):DEFINED (__INT0Interrupt)?ABSOLUTE (__INT0Interrupt):ABSOLUTE (__DefaultInterrupt)
                  0x000116          0x4 LONG 0x0 DEFINED (__AltIC1Interrupt)?ABSOLUTE (__AltIC1Interrupt):DEFINED (__IC1Interrupt)?ABSOLUTE (__IC1Interrupt):ABSOLUTE (__DefaultInterrupt)
                  0x000118          0x4 LONG 0x0 DEFINED (__AltOC1Interrupt)?ABSOLUTE (__AltOC1Interrupt):DEFINED (__OC1Interrupt)?ABSOLUTE (__OC1Interrupt):ABSOLUTE (__DefaultInterrupt)
                  0x00011a          0x4 LONG 0x0 DEFINED (__AltT1Interrupt)?ABSOLUTE (__AltT1Interrupt):DEFINED (__T1Interrupt)?ABSOLUTE (__T1Interrupt):ABSOLUTE (__DefaultInterrupt)
                  0x00011c          0x4 LONG 0x0 DEFINED (__AltInterrupt4)?ABSOLUTE (__AltInterrupt4):DEFINED (__Interrupt4)?ABSOLUTE (__Interrupt4):ABSOLUTE (__DefaultInterrupt)
                  0x00011e          0x4 LONG 0x0 DEFINED (__AltIC2Interrupt)?ABSOLUTE (__AltIC2Interrupt):DEFINED (__IC2Interrupt)?ABSOLUTE (__IC2Interrupt):ABSOLUTE (__DefaultInterrupt)
                  0x000120          0x4 LONG 0x0 DEFINED (__AltOC2Interrupt)?ABSOLUTE (__AltOC2Interrupt):DEFINED (__OC2Interrupt)?ABSOLUTE (__OC2Interrupt):ABSOLUTE (__DefaultInterrupt)
                  0x000122          0x4 LONG 0x0 DEFINED (__AltT2Interrupt)?ABSOLUTE (__AltT2Interrupt):DEFINED (__T2Interrupt)?ABSOLUTE (__T2Interrupt):ABSOLUTE (__DefaultInterrupt)
                  0x000124          0x4 LONG 0x0 DEFINED (__AltT3Interrupt)?ABSOLUTE (__AltT3Interrupt):DEFINED (__T3Interrupt)?ABSOLUTE (__T3Interrupt):ABSOLUTE (__DefaultInterrupt)
                  0x000126          0x4 LONG 0x0 DEFINED (__AltSPI1ErrInterrupt)?ABSOLUTE (__AltSPI1ErrInterrupt):DEFINED (__SPI1ErrInterrupt)?ABSOLUTE (__SPI1ErrInterrupt):ABSOLUTE (__DefaultInterrupt)
                  0x000128          0x4 LONG 0x0 DEFINED (__AltSPI1Interrupt)?ABSOLUTE (__AltSPI1Interrupt):DEFINED (__SPI1Interrupt)?ABSOLUTE (__SPI1Interrupt):ABSOLUTE (__DefaultInterrupt)
                  0x00012a          0x4 LONG 0x0 DEFINED (__AltU1RXInterrupt)?ABSOLUTE (__AltU1RXInterrupt):DEFINED (__U1RXInterrupt)?ABSOLUTE (__U1RXInterrupt):ABSOLUTE (__DefaultInterrupt)
                  0x00012c          0x4 LONG 0x0 DEFINED (__AltU1TXInterrupt)?ABSOLUTE (__AltU1TXInterrupt):DEFINED (__U1TXInterrupt)?ABSOLUTE (__U1TXInterrupt):ABSOLUTE (__DefaultInterrupt)
                  0x00012e          0x4 LONG 0x0 DEFINED (__AltADC1Interrupt)?ABSOLUTE (__AltADC1Interrupt):DEFINED (__ADC1Interrupt)?ABSOLUTE (__ADC1Interrupt):ABSOLUTE (__DefaultInterrupt)
                  0x000130          0x4 LONG 0x0 DEFINED (__AltInterrupt14)?ABSOLUTE (__AltInterrupt14):DEFINED (__Interrupt14)?ABSOLUTE (__Interrupt14):ABSOLUTE (__DefaultInterrupt)
                  0x000132          0x4 LONG 0x0 DEFINED (__AltInterrupt15)?ABSOLUTE (__AltInterrupt15):DEFINED (__Interrupt15)?ABSOLUTE (__Interrupt15):ABSOLUTE (__DefaultInterrupt)
                  0x000134          0x4 LONG 0x0 DEFINED (__AltSI2C1Interrupt)?ABSOLUTE (__AltSI2C1Interrupt):DEFINED (__SI2C1Interrupt)?ABSOLUTE (__SI2C1Interrupt):ABSOLUTE (__DefaultInterrupt)
                  0x000136          0x4 LONG 0x0 DEFINED (__AltMI2C1Interrupt)?ABSOLUTE (__AltMI2C1Interrupt):DEFINED (__MI2C1Interrupt)?ABSOLUTE (__MI2C1Interrupt):ABSOLUTE (__DefaultInterrupt)
                  0x000138          0x4 LONG 0x0 DEFINED (__AltCompInterrupt)?ABSOLUTE (__AltCompInterrupt):DEFINED (__CompInterrupt)?ABSOLUTE (__CompInterrupt):ABSOLUTE (__DefaultInterrupt)
                  0x00013a          0x4 LONG 0x0 DEFINED (__AltCNInterrupt)?ABSOLUTE (__AltCNInterrupt):DEFINED (__CNInterrupt)?ABSOLUTE (__CNInterrupt):ABSOLUTE (__DefaultInterrupt)
                  0x00013c          0x4 LONG 0x0 DEFINED (__AltINT1Interrupt)?ABSOLUTE (__AltINT1Interrupt):DEFINED (__INT1Interrupt)?ABSOLUTE (__INT1Interrupt):ABSOLUTE (__DefaultInterrupt)
                  0x00013e          0x4 LONG 0x0 DEFINED (__AltInterrupt21)?ABSOLUTE (__AltInterrupt21):DEFINED (__Interrupt21)?ABSOLUTE (__Interrupt21):ABSOLUTE (__DefaultInterrupt)
                  0x000140          0x4 LONG 0x0 DEFINED (__AltIC7Interrupt)?ABSOLUTE (__AltIC7Interrupt):DEFINED (__IC7Interrupt)?ABSOLUTE (__IC7Interrupt):ABSOLUTE (__DefaultInterrupt)
                  0x000142          0x4 LONG 0x0 DEFINED (__AltIC8Interrupt)?ABSOLUTE (__AltIC8Interrupt):DEFINED (__IC8Interrupt)?ABSOLUTE (__IC8Interrupt):ABSOLUTE (__DefaultInterrupt)
                  0x000144          0x4 LONG 0x0 DEFINED (__AltInterrupt24)?ABSOLUTE (__AltInterrupt24):DEFINED (__Interrupt24)?ABSOLUTE (__Interrupt24):ABSOLUTE (__DefaultInterrupt)
                  0x000146          0x4 LONG 0x0 DEFINED (__AltOC3Interrupt)?ABSOLUTE (__AltOC3Interrupt):DEFINED (__OC3Interrupt)?ABSOLUTE (__OC3Interrupt):ABSOLUTE (__DefaultInterrupt)
                  0x000148          0x4 LONG 0x0 DEFINED (__AltOC4Interrupt)?ABSOLUTE (__AltOC4Interrupt):DEFINED (__OC4Interrupt)?ABSOLUTE (__OC4Interrupt):ABSOLUTE (__DefaultInterrupt)
                  0x00014a          0x4 LONG 0x0 DEFINED (__AltT4Interrupt)?ABSOLUTE (__AltT4Interrupt):DEFINED (__T4Interrupt)?ABSOLUTE (__T4Interrupt):ABSOLUTE (__DefaultInterrupt)
                  0x00014c          0x4 LONG 0x0 DEFINED (__AltT5Interrupt)?ABSOLUTE (__AltT5Interrupt):DEFINED (__T5Interrupt)?ABSOLUTE (__T5Interrupt):ABSOLUTE (__DefaultInterrupt)
                  0x00014e          0x4 LONG 0x0 DEFINED (__AltINT2Interrupt)?ABSOLUTE (__AltINT2Interrupt):DEFINED (__INT2Interrupt)?ABSOLUTE (__INT2Interrupt):ABSOLUTE (__DefaultInterrupt)
                  0x000150          0x4 LONG 0x0 DEFINED (__AltU2RXInterrupt)?ABSOLUTE (__AltU2RXInterrupt):DEFINED (__U2RXInterrupt)?ABSOLUTE (__U2RXInterrupt):ABSOLUTE (__DefaultInterrupt)
                  0x000152          0x4 LONG 0x0 DEFINED (__AltU2TXInterrupt)?ABSOLUTE (__AltU2TXInterrupt):DEFINED (__U2TXInterrupt)?ABSOLUTE (__U2TXInterrupt):ABSOLUTE (__DefaultInterrupt)
                  0x000154          0x4 LONG 0x0 DEFINED (__AltSPI2ErrInterrupt)?ABSOLUTE (__AltSPI2ErrInterrupt):DEFINED (__SPI2ErrInterrupt)?ABSOLUTE (__SPI2ErrInterrupt):ABSOLUTE (__DefaultInterrupt)
                  0x000156          0x4 LONG 0x0 DEFINED (__AltSPI2Interrupt)?ABSOLUTE (__AltSPI2Interrupt):DEFINED (__SPI2Interrupt)?ABSOLUTE (__SPI2Interrupt):ABSOLUTE (__DefaultInterrupt)
                  0x000158          0x4 LONG 0x0 DEFINED (__AltInterrupt34)?ABSOLUTE (__AltInterrupt34):DEFINED (__Interrupt34)?ABSOLUTE (__Interrupt34):ABSOLUTE (__DefaultInterrupt)
                  0x00015a          0x4 LONG 0x0 DEFINED (__AltInterrupt35)?ABSOLUTE (__AltInterrupt35):DEFINED (__Interrupt35)?ABSOLUTE (__Interrupt35):ABSOLUTE (__DefaultInterrupt)
                  0x00015c          0x4 LONG 0x0 DEFINED (__AltInterrupt36)?ABSOLUTE (__AltInterrupt36):DEFINED (__Interrupt36)?ABSOLUTE (__Interrupt36):ABSOLUTE (__DefaultInterrupt)
                  0x00015e          0x4 LONG 0x0 DEFINED (__AltIC3Interrupt)?ABSOLUTE (__AltIC3Interrupt):DEFINED (__IC3Interrupt)?ABSOLUTE (__IC3Interrupt):ABSOLUTE (__DefaultInterrupt)
                  0x000160          0x4 LONG 0x0 DEFINED (__AltIC4Interrupt)?ABSOLUTE (__AltIC4Interrupt):DEFINED (__IC4Interrupt)?ABSOLUTE (__IC4Interrupt):ABSOLUTE (__DefaultInterrupt)
                  0x000162          0x4 LONG 0x0 DEFINED (__AltIC5Interrupt)?ABSOLUTE (__AltIC5Interrupt):DEFINED (__IC5Interrupt)?ABSOLUTE (__IC5Interrupt):ABSOLUTE (__DefaultInterrupt)
                  0x000164          0x4 LONG 0x0 DEFINED (__AltIC6Interrupt)?ABSOLUTE (__AltIC6Interrupt):DEFINED (__IC6Interrupt)?ABSOLUTE (__IC6Interrupt):ABSOLUTE (__DefaultInterrupt)
                  0x000166          0x4 LONG 0x0 DEFINED (__AltOC5Interrupt)?ABSOLUTE (__AltOC5Interrupt):DEFINED (__OC5Interrupt)?ABSOLUTE (__OC5Interrupt):ABSOLUTE (__DefaultInterrupt)
                  0x000168          0x4 LONG 0x0 DEFINED (__AltOC6Interrupt)?ABSOLUTE (__AltOC6Interrupt):DEFINED (__OC6Interrupt)?ABSOLUTE (__OC6Interrupt):ABSOLUTE (__DefaultInterrupt)
                  0x00016a          0x4 LONG 0x0 DEFINED (__AltOC7Interrupt)?ABSOLUTE (__AltOC7Interrupt):DEFINED (__OC7Interrupt)?ABSOLUTE (__OC7Interrupt):ABSOLUTE (__DefaultInterrupt)
                  0x00016c          0x4 LONG 0x0 DEFINED (__AltOC8Interrupt)?ABSOLUTE (__AltOC8Interrupt):DEFINED (__OC8Interrupt)?ABSOLUTE (__OC8Interrupt):ABSOLUTE (__DefaultInterrupt)
                  0x00016e          0x4 LONG 0x0 DEFINED (__AltPMPInterrupt)?ABSOLUTE (__AltPMPInterrupt):DEFINED (__PMPInterrupt)?ABSOLUTE (__PMPInterrupt):ABSOLUTE (__DefaultInterrupt)
                  0x000170          0x4 LONG 0x0 DEFINED (__AltInterrupt46)?ABSOLUTE (__AltInterrupt46):DEFINED (__Interrupt46)?ABSOLUTE (__Interrupt46):ABSOLUTE (__DefaultInterrupt)
                  0x000172          0x4 LONG 0x0 DEFINED (__AltInterrupt47)?ABSOLUTE (__AltInterrupt47):DEFINED (__Interrupt47)?ABSOLUTE (__Interrupt47):ABSOLUTE (__DefaultInterrupt)
                  0x000174          0x4 LONG 0x0 DEFINED (__AltInterrupt48)?ABSOLUTE (__AltInterrupt48):DEFINED (__Interrupt48)?ABSOLUTE (__Interrupt48):ABSOLUTE (__DefaultInterrupt)
                  0x000176          0x4 LONG 0x0 DEFINED (__AltSI2C2Interrupt)?ABSOLUTE (__AltSI2C2Interrupt):DEFINED (__SI2C2Interrupt)?ABSOLUTE (__SI2C2Interrupt):ABSOLUTE (__DefaultInterrupt)
                  0x000178          0x4 LONG 0x0 DEFINED (__AltMI2C2Interrupt)?ABSOLUTE (__AltMI2C2Interrupt):DEFINED (__MI2C2Interrupt)?ABSOLUTE (__MI2C2Interrupt):ABSOLUTE (__DefaultInterrupt)
                  0x00017a          0x4 LONG 0x0 DEFINED (__AltInterrupt51)?ABSOLUTE (__AltInterrupt51):DEFINED (__Interrupt51)?ABSOLUTE (__Interrupt51):ABSOLUTE (__DefaultInterrupt)
                  0x00017c          0x4 LONG 0x0 DEFINED (__AltInterrupt52)?ABSOLUTE (__AltInterrupt52):DEFINED (__Interrupt52)?ABSOLUTE (__Interrupt52):ABSOLUTE (__DefaultInterrupt)
                  0x00017e          0x4 LONG 0x0 DEFINED (__AltINT3Interrupt)?ABSOLUTE (__AltINT3Interrupt):DEFINED (__INT3Interrupt)?ABSOLUTE (__INT3Interrupt):ABSOLUTE (__DefaultInterrupt)
                  0x000180          0x4 LONG 0x0 DEFINED (__AltINT4Interrupt)?ABSOLUTE (__AltINT4Interrupt):DEFINED (__INT4Interrupt)?ABSOLUTE (__INT4Interrupt):ABSOLUTE (__DefaultInterrupt)
                  0x000182          0x4 LONG 0x0 DEFINED (__AltInterrupt55)?ABSOLUTE (__AltInterrupt55):DEFINED (__Interrupt55)?ABSOLUTE (__Interrupt55):ABSOLUTE (__DefaultInterrupt)
                  0x000184          0x4 LONG 0x0 DEFINED (__AltInterrupt56)?ABSOLUTE (__AltInterrupt56):DEFINED (__Interrupt56)?ABSOLUTE (__Interrupt56):ABSOLUTE (__DefaultInterrupt)
                  0x000186          0x4 LONG 0x0 DEFINED (__AltInterrupt57)?ABSOLUTE (__AltInterrupt57):DEFINED (__Interrupt57)?ABSOLUTE (__Interrupt57):ABSOLUTE (__DefaultInterrupt)
                  0x000188          0x4 LONG 0x0 DEFINED (__AltInterrupt58)?ABSOLUTE (__AltInterrupt58):DEFINED (__Interrupt58)?ABSOLUTE (__Interrupt58):ABSOLUTE (__DefaultInterrupt)
                  0x00018a          0x4 LONG 0x0 DEFINED (__AltInterrupt59)?ABSOLUTE (__AltInterrupt59):DEFINED (__Interrupt59)?ABSOLUTE (__Interrupt59):ABSOLUTE (__DefaultInterrupt)
                  0x00018c          0x4 LONG 0x0 DEFINED (__AltInterrupt60)?ABSOLUTE (__AltInterrupt60):DEFINED (__Interrupt60)?ABSOLUTE (__Interrupt60):ABSOLUTE (__DefaultInterrupt)
                  0x00018e          0x4 LONG 0x0 DEFINED (__AltInterrupt61)?ABSOLUTE (__AltInterrupt61):DEFINED (__Interrupt61)?ABSOLUTE (__Interrupt61):ABSOLUTE (__DefaultInterrupt)
                  0x000190          0x4 LONG 0x0 DEFINED (__AltRTCCInterrupt)?ABSOLUTE (__AltRTCCInterrupt):DEFINED (__RTCCInterrupt)?ABSOLUTE (__RTCCInterrupt):ABSOLUTE (__DefaultInterrupt)
                  0x000192          0x4 LONG 0x0 DEFINED (__AltInterrupt63)?ABSOLUTE (__AltInterrupt63):DEFINED (__Interrupt63)?ABSOLUTE (__Interrupt63):ABSOLUTE (__DefaultInterrupt)
                  0x000194          0x4 LONG 0x0 DEFINED (__AltInterrupt64)?ABSOLUTE (__AltInterrupt64):DEFINED (__Interrupt64)?ABSOLUTE (__Interrupt64):ABSOLUTE (__DefaultInterrupt)
                  0x000196          0x4 LONG 0x0 DEFINED (__AltU1ErrInterrupt)?ABSOLUTE (__AltU1ErrInterrupt):DEFINED (__U1ErrInterrupt)?ABSOLUTE (__U1ErrInterrupt):ABSOLUTE (__DefaultInterrupt)
                  0x000198          0x4 LONG 0x0 DEFINED (__AltU2ErrInterrupt)?ABSOLUTE (__AltU2ErrInterrupt):DEFINED (__U2ErrInterrupt)?ABSOLUTE (__U2ErrInterrupt):ABSOLUTE (__DefaultInterrupt)
                  0x00019a          0x4 LONG 0x0 DEFINED (__AltCRCInterrupt)?ABSOLUTE (__AltCRCInterrupt):DEFINED (__CRCInterrupt)?ABSOLUTE (__CRCInterrupt):ABSOLUTE (__DefaultInterrupt)
                  0x00019c          0x4 LONG 0x0 DEFINED (__AltInterrupt68)?ABSOLUTE (__AltInterrupt68):DEFINED (__Interrupt68)?ABSOLUTE (__Interrupt68):ABSOLUTE (__DefaultInterrupt)
                  0x00019e          0x4 LONG 0x0 DEFINED (__AltInterrupt69)?ABSOLUTE (__AltInterrupt69):DEFINED (__Interrupt69)?ABSOLUTE (__Interrupt69):ABSOLUTE (__DefaultInterrupt)
                  0x0001a0          0x4 LONG 0x0 DEFINED (__AltInterrupt70)?ABSOLUTE (__AltInterrupt70):DEFINED (__Interrupt70)?ABSOLUTE (__Interrupt70):ABSOLUTE (__DefaultInterrupt)
                  0x0001a2          0x4 LONG 0x0 DEFINED (__AltInterrupt71)?ABSOLUTE (__AltInterrupt71):DEFINED (__Interrupt71)?ABSOLUTE (__Interrupt71):ABSOLUTE (__DefaultInterrupt)
                  0x0001a4          0x4 LONG 0x0 DEFINED (__AltLVDInterrupt)?ABSOLUTE (__AltLVDInterrupt):DEFINED (__LVDInterrupt)?ABSOLUTE (__LVDInterrupt):ABSOLUTE (__DefaultInterrupt)
                  0x0001a6          0x4 LONG 0x0 DEFINED (__AltInterrupt73)?ABSOLUTE (__AltInterrupt73):DEFINED (__Interrupt73)?ABSOLUTE (__Interrupt73):ABSOLUTE (__DefaultInterrupt)
                  0x0001a8          0x4 LONG 0x0 DEFINED (__AltInterrupt74)?ABSOLUTE (__AltInterrupt74):DEFINED (__Interrupt74)?ABSOLUTE (__Interrupt74):ABSOLUTE (__DefaultInterrupt)
                  0x0001aa          0x4 LONG 0x0 DEFINED (__AltInterrupt75)?ABSOLUTE (__AltInterrupt75):DEFINED (__Interrupt75)?ABSOLUTE (__Interrupt75):ABSOLUTE (__DefaultInterrupt)
                  0x0001ac          0x4 LONG 0x0 DEFINED (__AltInterrupt76)?ABSOLUTE (__AltInterrupt76):DEFINED (__Interrupt76)?ABSOLUTE (__Interrupt76):ABSOLUTE (__DefaultInterrupt)
                  0x0001ae          0x4 LONG 0x0 DEFINED (__AltCTMUInterrupt)?ABSOLUTE (__AltCTMUInterrupt):DEFINED (__CTMUInterrupt)?ABSOLUTE (__CTMUInterrupt):ABSOLUTE (__DefaultInterrupt)
                  0x0001b0          0x4 LONG 0x0 DEFINED (__AltInterrupt78)?ABSOLUTE (__AltInterrupt78):DEFINED (__Interrupt78)?ABSOLUTE (__Interrupt78):ABSOLUTE (__DefaultInterrupt)
                  0x0001b2          0x4 LONG 0x0 DEFINED (__AltInterrupt79)?ABSOLUTE (__AltInterrupt79):DEFINED (__Interrupt79)?ABSOLUTE (__Interrupt79):ABSOLUTE (__DefaultInterrupt)
                  0x0001b4          0x4 LONG 0x0 DEFINED (__AltInterrupt80)?ABSOLUTE (__AltInterrupt80):DEFINED (__Interrupt80)?ABSOLUTE (__Interrupt80):ABSOLUTE (__DefaultInterrupt)
                  0x0001b6          0x4 LONG 0x0 DEFINED (__AltU3ErrInterrupt)?ABSOLUTE (__AltU3ErrInterrupt):DEFINED (__U3ErrInterrupt)?ABSOLUTE (__U3ErrInterrupt):ABSOLUTE (__DefaultInterrupt)
                  0x0001b8          0x4 LONG 0x0 DEFINED (__AltU3RXInterrupt)?ABSOLUTE (__AltU3RXInterrupt):DEFINED (__U3RXInterrupt)?ABSOLUTE (__U3RXInterrupt):ABSOLUTE (__DefaultInterrupt)
                  0x0001ba          0x4 LONG 0x0 DEFINED (__AltU3TXInterrupt)?ABSOLUTE (__AltU3TXInterrupt):DEFINED (__U3TXInterrupt)?ABSOLUTE (__U3TXInterrupt):ABSOLUTE (__DefaultInterrupt)
                  0x0001bc          0x4 LONG 0x0 DEFINED (__AltSI2C3Interrupt)?ABSOLUTE (__AltSI2C3Interrupt):DEFINED (__SI2C3Interrupt)?ABSOLUTE (__SI2C3Interrupt):ABSOLUTE (__DefaultInterrupt)
                  0x0001be          0x4 LONG 0x0 DEFINED (__AltMI2C3Interrupt)?ABSOLUTE (__AltMI2C3Interrupt):DEFINED (__MI2C3Interrupt)?ABSOLUTE (__MI2C3Interrupt):ABSOLUTE (__DefaultInterrupt)
                  0x0001c0          0x4 LONG 0x0 DEFINED (__AltUSB1Interrupt)?ABSOLUTE (__AltUSB1Interrupt):DEFINED (__USB1Interrupt)?ABSOLUTE (__USB1Interrupt):ABSOLUTE (__DefaultInterrupt)
                  0x0001c2          0x4 LONG 0x0 DEFINED (__AltU4ErrInterrupt)?ABSOLUTE (__AltU4ErrInterrupt):DEFINED (__U4ErrInterrupt)?ABSOLUTE (__U4ErrInterrupt):ABSOLUTE (__DefaultInterrupt)
                  0x0001c4          0x4 LONG 0x0 DEFINED (__AltU4RXInterrupt)?ABSOLUTE (__AltU4RXInterrupt):DEFINED (__U4RXInterrupt)?ABSOLUTE (__U4RXInterrupt):ABSOLUTE (__DefaultInterrupt)
                  0x0001c6          0x4 LONG 0x0 DEFINED (__AltU4TXInterrupt)?ABSOLUTE (__AltU4TXInterrupt):DEFINED (__U4TXInterrupt)?ABSOLUTE (__U4TXInterrupt):ABSOLUTE (__DefaultInterrupt)
                  0x0001c8          0x4 LONG 0x0 DEFINED (__AltSPI3ErrInterrupt)?ABSOLUTE (__AltSPI3ErrInterrupt):DEFINED (__SPI3ErrInterrupt)?ABSOLUTE (__SPI3ErrInterrupt):ABSOLUTE (__DefaultInterrupt)
                  0x0001ca          0x4 LONG 0x0 DEFINED (__AltSPI3Interrupt)?ABSOLUTE (__AltSPI3Interrupt):DEFINED (__SPI3Interrupt)?ABSOLUTE (__SPI3Interrupt):ABSOLUTE (__DefaultInterrupt)
                  0x0001cc          0x4 LONG 0x0 DEFINED (__AltOC9Interrupt)?ABSOLUTE (__AltOC9Interrupt):DEFINED (__OC9Interrupt)?ABSOLUTE (__OC9Interrupt):ABSOLUTE (__DefaultInterrupt)
                  0x0001ce          0x4 LONG 0x0 DEFINED (__AltIC9Interrupt)?ABSOLUTE (__AltIC9Interrupt):DEFINED (__IC9Interrupt)?ABSOLUTE (__IC9Interrupt):ABSOLUTE (__DefaultInterrupt)
                  0x0001d0          0x4 LONG 0x0 DEFINED (__AltInterrupt94)?ABSOLUTE (__AltInterrupt94):DEFINED (__Interrupt94)?ABSOLUTE (__Interrupt94):ABSOLUTE (__DefaultInterrupt)
                  0x0001d2          0x4 LONG 0x0 DEFINED (__AltInterrupt95)?ABSOLUTE (__AltInterrupt95):DEFINED (__Interrupt95)?ABSOLUTE (__Interrupt95):ABSOLUTE (__DefaultInterrupt)
                  0x0001d4          0x4 LONG 0x0 DEFINED (__AltInterrupt96)?ABSOLUTE (__AltInterrupt96):DEFINED (__Interrupt96)?ABSOLUTE (__Interrupt96):ABSOLUTE (__DefaultInterrupt)
                  0x0001d6          0x4 LONG 0x0 DEFINED (__AltInterrupt97)?ABSOLUTE (__AltInterrupt97):DEFINED (__Interrupt97)?ABSOLUTE (__Interrupt97):ABSOLUTE (__DefaultInterrupt)
                  0x0001d8          0x4 LONG 0x0 DEFINED (__AltInterrupt98)?ABSOLUTE (__AltInterrupt98):DEFINED (__Interrupt98)?ABSOLUTE (__Interrupt98):ABSOLUTE (__DefaultInterrupt)
                  0x0001da          0x4 LONG 0x0 DEFINED (__AltInterrupt99)?ABSOLUTE (__AltInterrupt99):DEFINED (__Interrupt99)?ABSOLUTE (__Interrupt99):ABSOLUTE (__DefaultInterrupt)
                  0x0001dc          0x4 LONG 0x0 DEFINED (__AltInterrupt100)?ABSOLUTE (__AltInterrupt100):DEFINED (__Interrupt100)?ABSOLUTE (__Interrupt100):ABSOLUTE (__DefaultInterrupt)
                  0x0001de          0x4 LONG 0x0 DEFINED (__AltInterrupt101)?ABSOLUTE (__AltInterrupt101):DEFINED (__Interrupt101)?ABSOLUTE (__Interrupt101):ABSOLUTE (__DefaultInterrupt)
                  0x0001e0          0x4 LONG 0x0 DEFINED (__AltInterrupt102)?ABSOLUTE (__AltInterrupt102):DEFINED (__Interrupt102)?ABSOLUTE (__Interrupt102):ABSOLUTE (__DefaultInterrupt)
                  0x0001e2          0x4 LONG 0x0 DEFINED (__AltInterrupt103)?ABSOLUTE (__AltInterrupt103):DEFINED (__Interrupt103)?ABSOLUTE (__Interrupt103):ABSOLUTE (__DefaultInterrupt)
                  0x0001e4          0x4 LONG 0x0 DEFINED (__AltInterrupt104)?ABSOLUTE (__AltInterrupt104):DEFINED (__Interrupt104)?ABSOLUTE (__Interrupt104):ABSOLUTE (__DefaultInterrupt)
                  0x0001e6          0x4 LONG 0x0 DEFINED (__AltInterrupt105)?ABSOLUTE (__AltInterrupt105):DEFINED (__Interrupt105)?ABSOLUTE (__Interrupt105):ABSOLUTE (__DefaultInterrupt)
                  0x0001e8          0x4 LONG 0x0 DEFINED (__AltInterrupt106)?ABSOLUTE (__AltInterrupt106):DEFINED (__Interrupt106)?ABSOLUTE (__Interrupt106):ABSOLUTE (__DefaultInterrupt)
                  0x0001ea          0x4 LONG 0x0 DEFINED (__AltInterrupt107)?ABSOLUTE (__AltInterrupt107):DEFINED (__Interrupt107)?ABSOLUTE (__Interrupt107):ABSOLUTE (__DefaultInterrupt)
                  0x0001ec          0x4 LONG 0x0 DEFINED (__AltInterrupt108)?ABSOLUTE (__AltInterrupt108):DEFINED (__Interrupt108)?ABSOLUTE (__Interrupt108):ABSOLUTE (__DefaultInterrupt)
                  0x0001ee          0x4 LONG 0x0 DEFINED (__AltInterrupt109)?ABSOLUTE (__AltInterrupt109):DEFINED (__Interrupt109)?ABSOLUTE (__Interrupt109):ABSOLUTE (__DefaultInterrupt)
                  0x0001f0          0x4 LONG 0x0 DEFINED (__AltInterrupt110)?ABSOLUTE (__AltInterrupt110):DEFINED (__Interrupt110)?ABSOLUTE (__Interrupt110):ABSOLUTE (__DefaultInterrupt)
                  0x0001f2          0x4 LONG 0x0 DEFINED (__AltInterrupt111)?ABSOLUTE (__AltInterrupt111):DEFINED (__Interrupt111)?ABSOLUTE (__Interrupt111):ABSOLUTE (__DefaultInterrupt)
                  0x0001f4          0x4 LONG 0x0 DEFINED (__AltInterrupt112)?ABSOLUTE (__AltInterrupt112):DEFINED (__Interrupt112)?ABSOLUTE (__Interrupt112):ABSOLUTE (__DefaultInterrupt)
                  0x0001f6          0x4 LONG 0x0 DEFINED (__AltInterrupt113)?ABSOLUTE (__AltInterrupt113):DEFINED (__Interrupt113)?ABSOLUTE (__Interrupt113):ABSOLUTE (__DefaultInterrupt)
                  0x0001f8          0x4 LONG 0x0 DEFINED (__AltInterrupt114)?ABSOLUTE (__AltInterrupt114):DEFINED (__Interrupt114)?ABSOLUTE (__Interrupt114):ABSOLUTE (__DefaultInterrupt)
                  0x0001fa          0x4 LONG 0x0 DEFINED (__AltInterrupt115)?ABSOLUTE (__AltInterrupt115):DEFINED (__Interrupt115)?ABSOLUTE (__Interrupt115):ABSOLUTE (__DefaultInterrupt)
                  0x0001fc          0x4 LONG 0x0 DEFINED (__AltInterrupt116)?ABSOLUTE (__AltInterrupt116):DEFINED (__Interrupt116)?ABSOLUTE (__Interrupt116):ABSOLUTE (__DefaultInterrupt)
                  0x0001fe          0x4 LONG 0x0 DEFINED (__AltInterrupt117)?ABSOLUTE (__AltInterrupt117):DEFINED (__Interrupt117)?ABSOLUTE (__Interrupt117):ABSOLUTE (__DefaultInterrupt)
                    0x0000                  WREG0 = 0x0
                    0x0000                  _WREG0 = 0x0
                    0x0002                  WREG1 = 0x2
                    0x0002                  _WREG1 = 0x2
                    0x0004                  WREG2 = 0x4
                    0x0004                  _WREG2 = 0x4
                    0x0006                  WREG3 = 0x6
                    0x0006                  _WREG3 = 0x6
                    0x0008                  WREG4 = 0x8
                    0x0008                  _WREG4 = 0x8
                    0x000a                  WREG5 = 0xa
                    0x000a                  _WREG5 = 0xa
                    0x000c                  WREG6 = 0xc
                    0x000c                  _WREG6 = 0xc
                    0x000e                  WREG7 = 0xe
                    0x000e                  _WREG7 = 0xe
                    0x0010                  WREG8 = 0x10
                    0x0010                  _WREG8 = 0x10
                    0x0012                  WREG9 = 0x12
                    0x0012                  _WREG9 = 0x12
                    0x0014                  WREG10 = 0x14
                    0x0014                  _WREG10 = 0x14
                    0x0016                  WREG11 = 0x16
                    0x0016                  _WREG11 = 0x16
                    0x0018                  WREG12 = 0x18
                    0x0018                  _WREG12 = 0x18
                    0x001a                  WREG13 = 0x1a
                    0x001a                  _WREG13 = 0x1a
                    0x001c                  WREG14 = 0x1c
                    0x001c                  _WREG14 = 0x1c
                    0x001e                  WREG15 = 0x1e
                    0x001e                  _WREG15 = 0x1e
                    0x0020                  SPLIM = 0x20
                    0x0020                  _SPLIM = 0x20
                    0x002e                  PCL = 0x2e
                    0x002e                  _PCL = 0x2e
                    0x0030                  PCH = 0x30
                    0x0030                  _PCH = 0x30
                    0x0032                  DSRPAG = 0x32
                    0x0032                  _DSRPAG = 0x32
                    0x0034                  DSWPAG = 0x34
                    0x0034                  _DSWPAG = 0x34
                    0x0036                  RCOUNT = 0x36
                    0x0036                  _RCOUNT = 0x36
                    0x0042                  SR = 0x42
                    0x0042                  _SR = 0x42
                    0x0042                  _SRbits = 0x42
                    0x0044                  CORCON = 0x44
                    0x0044                  _CORCON = 0x44
                    0x0044                  _CORCONbits = 0x44
                    0x0052                  DISICNT = 0x52
                    0x0052                  _DISICNT = 0x52
                    0x0054                  TBLPAG = 0x54
                    0x0054                  _TBLPAG = 0x54
                    0x0056                  CNPD1 = 0x56
                    0x0056                  _CNPD1 = 0x56
                    0x0056                  _CNPD1bits = 0x56
                    0x0058                  CNPD2 = 0x58
                    0x0058                  _CNPD2 = 0x58
                    0x0058                  _CNPD2bits = 0x58
                    0x005a                  CNPD3 = 0x5a
                    0x005a                  _CNPD3 = 0x5a
                    0x005a                  _CNPD3bits = 0x5a
                    0x005c                  CNPD4 = 0x5c
                    0x005c                  _CNPD4 = 0x5c
                    0x005c                  _CNPD4bits = 0x5c
                    0x005e                  CNPD5 = 0x5e
                    0x005e                  _CNPD5 = 0x5e
                    0x005e                  _CNPD5bits = 0x5e
                    0x0060                  CNPD6 = 0x60
                    0x0060                  _CNPD6 = 0x60
                    0x0060                  _CNPD6bits = 0x60
                    0x0062                  CNEN1 = 0x62
                    0x0062                  _CNEN1 = 0x62
                    0x0062                  _CNEN1bits = 0x62
                    0x0064                  CNEN2 = 0x64
                    0x0064                  _CNEN2 = 0x64
                    0x0064                  _CNEN2bits = 0x64
                    0x0066                  CNEN3 = 0x66
                    0x0066                  _CNEN3 = 0x66
                    0x0066                  _CNEN3bits = 0x66
                    0x0068                  CNEN4 = 0x68
                    0x0068                  _CNEN4 = 0x68
                    0x0068                  _CNEN4bits = 0x68
                    0x006a                  CNEN5 = 0x6a
                    0x006a                  _CNEN5 = 0x6a
                    0x006a                  _CNEN5bits = 0x6a
                    0x006c                  CNEN6 = 0x6c
                    0x006c                  _CNEN6 = 0x6c
                    0x006c                  _CNEN6bits = 0x6c
                    0x006e                  CNPU1 = 0x6e
                    0x006e                  _CNPU1 = 0x6e
                    0x006e                  _CNPU1bits = 0x6e
                    0x0070                  CNPU2 = 0x70
                    0x0070                  _CNPU2 = 0x70
                    0x0070                  _CNPU2bits = 0x70
                    0x0072                  CNPU3 = 0x72
                    0x0072                  _CNPU3 = 0x72
                    0x0072                  _CNPU3bits = 0x72
                    0x0074                  CNPU4 = 0x74
                    0x0074                  _CNPU4 = 0x74
                    0x0074                  _CNPU4bits = 0x74
                    0x0076                  CNPU5 = 0x76
                    0x0076                  _CNPU5 = 0x76
                    0x0076                  _CNPU5bits = 0x76
                    0x0078                  CNPU6 = 0x78
                    0x0078                  _CNPU6 = 0x78
                    0x0078                  _CNPU6bits = 0x78
                    0x0080                  INTCON1 = 0x80
                    0x0080                  _INTCON1 = 0x80
                    0x0080                  _INTCON1bits = 0x80
                    0x0082                  INTCON2 = 0x82
                    0x0082                  _INTCON2 = 0x82
                    0x0082                  _INTCON2bits = 0x82
                    0x0084                  IFS0 = 0x84
                    0x0084                  _IFS0 = 0x84
                    0x0084                  _IFS0bits = 0x84
                    0x0086                  IFS1 = 0x86
                    0x0086                  _IFS1 = 0x86
                    0x0086                  _IFS1bits = 0x86
                    0x0088                  IFS2 = 0x88
                    0x0088                  _IFS2 = 0x88
                    0x0088                  _IFS2bits = 0x88
                    0x008a                  IFS3 = 0x8a
                    0x008a                  _IFS3 = 0x8a
                    0x008a                  _IFS3bits = 0x8a
                    0x008c                  IFS4 = 0x8c
                    0x008c                  _IFS4 = 0x8c
                    0x008c                  _IFS4bits = 0x8c
                    0x008e                  IFS5 = 0x8e
                    0x008e                  _IFS5 = 0x8e
                    0x008e                  _IFS5bits = 0x8e
                    0x0094                  IEC0 = 0x94
                    0x0094                  _IEC0 = 0x94
                    0x0094                  _IEC0bits = 0x94
                    0x0096                  IEC1 = 0x96
                    0x0096                  _IEC1 = 0x96
                    0x0096                  _IEC1bits = 0x96
                    0x0098                  IEC2 = 0x98
                    0x0098                  _IEC2 = 0x98
                    0x0098                  _IEC2bits = 0x98
                    0x009a                  IEC3 = 0x9a
                    0x009a                  _IEC3 = 0x9a
                    0x009a                  _IEC3bits = 0x9a
                    0x009c                  IEC4 = 0x9c
                    0x009c                  _IEC4 = 0x9c
                    0x009c                  _IEC4bits = 0x9c
                    0x009e                  IEC5 = 0x9e
                    0x009e                  _IEC5 = 0x9e
                    0x009e                  _IEC5bits = 0x9e
                    0x00a4                  IPC0 = 0xa4
                    0x00a4                  _IPC0 = 0xa4
                    0x00a4                  _IPC0bits = 0xa4
                    0x00a6                  IPC1 = 0xa6
                    0x00a6                  _IPC1 = 0xa6
                    0x00a6                  _IPC1bits = 0xa6
                    0x00a8                  IPC2 = 0xa8
                    0x00a8                  _IPC2 = 0xa8
                    0x00a8                  _IPC2bits = 0xa8
                    0x00aa                  IPC3 = 0xaa
                    0x00aa                  _IPC3 = 0xaa
                    0x00aa                  _IPC3bits = 0xaa
                    0x00ac                  IPC4 = 0xac
                    0x00ac                  _IPC4 = 0xac
                    0x00ac                  _IPC4bits = 0xac
                    0x00ae                  IPC5 = 0xae
                    0x00ae                  _IPC5 = 0xae
                    0x00ae                  _IPC5bits = 0xae
                    0x00b0                  IPC6 = 0xb0
                    0x00b0                  _IPC6 = 0xb0
                    0x00b0                  _IPC6bits = 0xb0
                    0x00b2                  IPC7 = 0xb2
                    0x00b2                  _IPC7 = 0xb2
                    0x00b2                  _IPC7bits = 0xb2
                    0x00b4                  IPC8 = 0xb4
                    0x00b4                  _IPC8 = 0xb4
                    0x00b4                  _IPC8bits = 0xb4
                    0x00b6                  IPC9 = 0xb6
                    0x00b6                  _IPC9 = 0xb6
                    0x00b6                  _IPC9bits = 0xb6
                    0x00b8                  IPC10 = 0xb8
                    0x00b8                  _IPC10 = 0xb8
                    0x00b8                  _IPC10bits = 0xb8
                    0x00ba                  IPC11 = 0xba
                    0x00ba                  _IPC11 = 0xba
                    0x00ba                  _IPC11bits = 0xba
                    0x00bc                  IPC12 = 0xbc
                    0x00bc                  _IPC12 = 0xbc
                    0x00bc                  _IPC12bits = 0xbc
                    0x00be                  IPC13 = 0xbe
                    0x00be                  _IPC13 = 0xbe
                    0x00be                  _IPC13bits = 0xbe
                    0x00c2                  IPC15 = 0xc2
                    0x00c2                  _IPC15 = 0xc2
                    0x00c2                  _IPC15bits = 0xc2
                    0x00c4                  IPC16 = 0xc4
                    0x00c4                  _IPC16 = 0xc4
                    0x00c4                  _IPC16bits = 0xc4
                    0x00c8                  IPC18 = 0xc8
                    0x00c8                  _IPC18 = 0xc8
                    0x00c8                  _IPC18bits = 0xc8
                    0x00ca                  IPC19 = 0xca
                    0x00ca                  _IPC19 = 0xca
                    0x00ca                  _IPC19bits = 0xca
                    0x00cc                  IPC20 = 0xcc
                    0x00cc                  _IPC20 = 0xcc
                    0x00cc                  _IPC20bits = 0xcc
                    0x00ce                  IPC21 = 0xce
                    0x00ce                  _IPC21 = 0xce
                    0x00ce                  _IPC21bits = 0xce
                    0x00d0                  IPC22 = 0xd0
                    0x00d0                  _IPC22 = 0xd0
                    0x00d0                  _IPC22bits = 0xd0
                    0x00d2                  IPC23 = 0xd2
                    0x00d2                  _IPC23 = 0xd2
                    0x00d2                  _IPC23bits = 0xd2
                    0x00e0                  INTTREG = 0xe0
                    0x00e0                  _INTTREG = 0xe0
                    0x00e0                  _INTTREGbits = 0xe0
                    0x0100                  TMR1 = 0x100
                    0x0100                  _TMR1 = 0x100
                    0x0102                  PR1 = 0x102
                    0x0102                  _PR1 = 0x102
                    0x0104                  T1CON = 0x104
                    0x0104                  _T1CON = 0x104
                    0x0104                  _T1CONbits = 0x104
                    0x0106                  TMR2 = 0x106
                    0x0106                  _TMR2 = 0x106
                    0x0108                  TMR3HLD = 0x108
                    0x0108                  _TMR3HLD = 0x108
                    0x010a                  TMR3 = 0x10a
                    0x010a                  _TMR3 = 0x10a
                    0x010c                  PR2 = 0x10c
                    0x010c                  _PR2 = 0x10c
                    0x010e                  PR3 = 0x10e
                    0x010e                  _PR3 = 0x10e
                    0x0110                  T2CON = 0x110
                    0x0110                  _T2CON = 0x110
                    0x0110                  _T2CONbits = 0x110
                    0x0112                  T3CON = 0x112
                    0x0112                  _T3CON = 0x112
                    0x0112                  _T3CONbits = 0x112
                    0x0114                  TMR4 = 0x114
                    0x0114                  _TMR4 = 0x114
                    0x0116                  TMR5HLD = 0x116
                    0x0116                  _TMR5HLD = 0x116
                    0x0118                  TMR5 = 0x118
                    0x0118                  _TMR5 = 0x118
                    0x011a                  PR4 = 0x11a
                    0x011a                  _PR4 = 0x11a
                    0x011c                  PR5 = 0x11c
                    0x011c                  _PR5 = 0x11c
                    0x011e                  T4CON = 0x11e
                    0x011e                  _T4CON = 0x11e
                    0x011e                  _T4CONbits = 0x11e
                    0x0120                  T5CON = 0x120
                    0x0120                  _T5CON = 0x120
                    0x0120                  _T5CONbits = 0x120
                    0x0140                  IC1CON1 = 0x140
                    0x0140                  _IC1CON1 = 0x140
                    0x0140                  _IC1CON1bits = 0x140
                    0x0142                  IC1CON2 = 0x142
                    0x0142                  _IC1CON2 = 0x142
                    0x0142                  _IC1CON2bits = 0x142
                    0x0144                  IC1BUF = 0x144
                    0x0144                  _IC1BUF = 0x144
                    0x0146                  IC1TMR = 0x146
                    0x0146                  _IC1TMR = 0x146
                    0x0148                  IC2CON1 = 0x148
                    0x0148                  _IC2CON1 = 0x148
                    0x0148                  _IC2CON1bits = 0x148
                    0x014a                  IC2CON2 = 0x14a
                    0x014a                  _IC2CON2 = 0x14a
                    0x014a                  _IC2CON2bits = 0x14a
                    0x014c                  IC2BUF = 0x14c
                    0x014c                  _IC2BUF = 0x14c
                    0x014e                  IC2TMR = 0x14e
                    0x014e                  _IC2TMR = 0x14e
                    0x0150                  IC3CON1 = 0x150
                    0x0150                  _IC3CON1 = 0x150
                    0x0150                  _IC3CON1bits = 0x150
                    0x0152                  IC3CON2 = 0x152
                    0x0152                  _IC3CON2 = 0x152
                    0x0152                  _IC3CON2bits = 0x152
                    0x0154                  IC3BUF = 0x154
                    0x0154                  _IC3BUF = 0x154
                    0x0156                  IC3TMR = 0x156
                    0x0156                  _IC3TMR = 0x156
                    0x0158                  IC4CON1 = 0x158
                    0x0158                  _IC4CON1 = 0x158
                    0x0158                  _IC4CON1bits = 0x158
                    0x015a                  IC4CON2 = 0x15a
                    0x015a                  _IC4CON2 = 0x15a
                    0x015a                  _IC4CON2bits = 0x15a
                    0x015c                  IC4BUF = 0x15c
                    0x015c                  _IC4BUF = 0x15c
                    0x015e                  IC4TMR = 0x15e
                    0x015e                  _IC4TMR = 0x15e
                    0x0160                  IC5CON1 = 0x160
                    0x0160                  _IC5CON1 = 0x160
                    0x0160                  _IC5CON1bits = 0x160
                    0x0162                  IC5CON2 = 0x162
                    0x0162                  _IC5CON2 = 0x162
                    0x0162                  _IC5CON2bits = 0x162
                    0x0164                  IC5BUF = 0x164
                    0x0164                  _IC5BUF = 0x164
                    0x0166                  IC5TMR = 0x166